Archive member included to satisfy reference by file (symbol)

app/libapp.a(gatt_dm.c.obj)   (--whole-archive)
app/libapp.a(main.c.obj)      (--whole-archive)
app/libapp.a(throughput.c.obj)
                              (--whole-archive)
zephyr/libzephyr.a(crc32_sw.c.obj)
                              (--whole-archive)
zephyr/libzephyr.a(crc16_sw.c.obj)
                              (--whole-archive)
zephyr/libzephyr.a(crc8_sw.c.obj)
                              (--whole-archive)
zephyr/libzephyr.a(crc7_sw.c.obj)
                              (--whole-archive)
zephyr/libzephyr.a(dec.c.obj)
                              (--whole-archive)
zephyr/libzephyr.a(fdtable.c.obj)
                              (--whole-archive)
zephyr/libzephyr.a(hex.c.obj)
                              (--whole-archive)
zephyr/libzephyr.a(mempool.c.obj)
                              (--whole-archive)
zephyr/libzephyr.a(notify.c.obj)
                              (--whole-archive)
zephyr/libzephyr.a(printk.c.obj)
                              (--whole-archive)
zephyr/libzephyr.a(onoff.c.obj)
                              (--whole-archive)
zephyr/libzephyr.a(rb.c.obj)  (--whole-archive)
zephyr/libzephyr.a(sem.c.obj)
                              (--whole-archive)
zephyr/libzephyr.a(thread_entry.c.obj)
                              (--whole-archive)
zephyr/libzephyr.a(timeutil.c.obj)
                              (--whole-archive)
zephyr/libzephyr.a(work_q.c.obj)
                              (--whole-archive)
zephyr/libzephyr.a(heap.c.obj)
                              (--whole-archive)
zephyr/libzephyr.a(heap-validate.c.obj)
                              (--whole-archive)
zephyr/libzephyr.a(configs.c.obj)
                              (--whole-archive)
zephyr/libzephyr.a(validate_base_addresses.c.obj)
                              (--whole-archive)
zephyr/libzephyr.a(validate_enabled_instances.c.obj)
                              (--whole-archive)
zephyr/libzephyr.a(log_list.c.obj)
                              (--whole-archive)
zephyr/libzephyr.a(log_core.c.obj)
                              (--whole-archive)
zephyr/libzephyr.a(log_msg.c.obj)
                              (--whole-archive)
zephyr/libzephyr.a(log_output.c.obj)
                              (--whole-archive)
zephyr/libzephyr.a(log_backend_uart.c.obj)
                              (--whole-archive)
zephyr/libzephyr.a(log_backend_rtt.c.obj)
                              (--whole-archive)
zephyr/libzephyr.a(tty.c.obj)
                              (--whole-archive)
zephyr/libzephyr.a(getchar.c.obj)
                              (--whole-archive)
zephyr/libzephyr.a(addr_utils.c.obj)
                              (--whole-archive)
zephyr/libzephyr.a(power.c.obj)
                              (--whole-archive)
zephyr/libzephyr.a(policy_residency.c.obj)
                              (--whole-archive)
zephyr/libzephyr.a(uart_console.c.obj)
                              (--whole-archive)
zephyr/libzephyr.a(nrf_power_clock.c.obj)
                              (--whole-archive)
zephyr/libzephyr.a(sys_clock_init.c.obj)
                              (--whole-archive)
zephyr/libzephyr.a(nrf_rtc_timer.c.obj)
                              (--whole-archive)
zephyr/libzephyr.a(SEGGER_RTT.c.obj)
                              (--whole-archive)
zephyr/libzephyr.a(SEGGER_RTT_zephyr.c.obj)
                              (--whole-archive)
zephyr/libzephyr.a(utils.c.obj)
                              (--whole-archive)
zephyr/libzephyr.a(ecc_dh.c.obj)
                              (--whole-archive)
zephyr/libzephyr.a(ecc.c.obj)
                              (--whole-archive)
zephyr/libzephyr.a(aes_decrypt.c.obj)
                              (--whole-archive)
zephyr/libzephyr.a(aes_encrypt.c.obj)
                              (--whole-archive)
zephyr/libzephyr.a(cmac_mode.c.obj)
                              (--whole-archive)
zephyr/arch/common/libarch__common.a(isr_tables.c.obj)
                              (--whole-archive)
zephyr/arch/common/libarch__common.a(sw_isr_common.c.obj)
                              (--whole-archive)
zephyr/arch/arch/arm/core/aarch32/libarch__arm__core__aarch32.a(swap.c.obj)
                              (--whole-archive)
zephyr/arch/arch/arm/core/aarch32/libarch__arm__core__aarch32.a(swap_helper.S.obj)
                              (--whole-archive)
zephyr/arch/arch/arm/core/aarch32/libarch__arm__core__aarch32.a(irq_manage.c.obj)
                              (--whole-archive)
zephyr/arch/arch/arm/core/aarch32/libarch__arm__core__aarch32.a(thread.c.obj)
                              (--whole-archive)
zephyr/arch/arch/arm/core/aarch32/libarch__arm__core__aarch32.a(cpu_idle.S.obj)
                              (--whole-archive)
zephyr/arch/arch/arm/core/aarch32/libarch__arm__core__aarch32.a(fatal.c.obj)
                              (--whole-archive)
zephyr/arch/arch/arm/core/aarch32/libarch__arm__core__aarch32.a(nmi.c.obj)
[...]
Memory Configuration

Name             Origin             Length             Attributes
FLASH            0x0000000000000000 0x0000000000100000 xr
SRAM             0x0000000020000000 0x0000000000040000 xw
IDT_LIST         0x0000000020040000 0x0000000000000800 xw
*default*        0x0000000000000000 0xffffffffffffffff

Linker script and memory map

LOAD zephyr/CMakeFiles/zephyr_final.dir/misc/empty_file.c.obj
LOAD zephyr/CMakeFiles/zephyr_final.dir/isr_tables.c.obj
                0x0000000000000020                _region_min_align = 0x20

.rel.plt        0x0000000000000000        0x0
 *(SORT_BY_ALIGNMENT(.rel.plt))
                [!provide]                        PROVIDE (__rel_iplt_start = .)
 *(SORT_BY_ALIGNMENT(.rel.iplt))
 .rel.iplt      0x0000000000000000        0x0 zephyr/CMakeFiles/zephyr_final.dir/isr_tables.c.obj
                [!provide]                        PROVIDE (__rel_iplt_end = .)

.rela.plt       0x0000000000000000        0x0
 *(SORT_BY_ALIGNMENT(.rela.plt))
                [!provide]                        PROVIDE (__rela_iplt_start = .)
 *(SORT_BY_ALIGNMENT(.rela.iplt))
                [!provide]                        PROVIDE (__rela_iplt_end = .)

.rel.dyn
 *(SORT_BY_ALIGNMENT(.rel.*))

.rela.dyn
 *(SORT_BY_ALIGNMENT(.rela.*))

/DISCARD/
 *(SORT_BY_ALIGNMENT(.plt))
 *(SORT_BY_ALIGNMENT(.iplt))
 *(SORT_BY_ALIGNMENT(.got.plt))
 *(SORT_BY_ALIGNMENT(.igot.plt))
 *(SORT_BY_ALIGNMENT(.got))
 *(SORT_BY_ALIGNMENT(.igot))
 *(SORT_BY_ALIGNMENT(.irq_info))
 *(SORT_BY_ALIGNMENT(.intList))
 *(SORT_BY_ALIGNMENT(.note.GNU-stack))
                0x0000000000000000                _image_rom_start = 0x0

rom_start       0x0000000000000000      0x100
                0x0000000000000000                . = 0x0
                0x0000000000000000                . = ALIGN (0x4)
                0x0000000000000000                _vector_start = .
 *(SORT_BY_ALIGNMENT(.exc_vector_table))
 *(SORT_BY_ALIGNMENT(.exc_vector_table.*))
 .exc_vector_table._vector_table_section
                0x0000000000000000       0x40 zephyr/arch/arch/arm/core/aarch32/cortex_m/libarch__arm__core__aarch32__cortex_m.a(vector_table.S.obj)
                0x0000000000000000                _vector_table
 *(SORT_BY_ALIGNMENT(.gnu.linkonce.irq_vector_table))
 .gnu.linkonce.irq_vector_table
                0x0000000000000040       0xc0 zephyr/CMakeFiles/zephyr_final.dir/isr_tables.c.obj
                0x0000000000000040                _irq_vector_table
 *(SORT_BY_ALIGNMENT(.vectors))
                0x0000000000000100                _vector_end = .
 *(SORT_BY_ALIGNMENT(.openocd_dbg))
 *(SORT_BY_ALIGNMENT(.openocd_dbg.*))

text            0x0000000000000100    0x261fe
                0x0000000000000100                _image_text_start = .
 *(SORT_BY_ALIGNMENT(.text))
 .text          0x0000000000000100       0x30 /home/netlab/zephyr-sdk-0.11.2/arm-zephyr-eabi/bin/../lib/gcc/arm-zephyr-eabi/9.2.0/thumb/v7e-m/nofp/libgcc.a(_aeabi_uldivmod.o)
                0x0000000000000100                __aeabi_uldivmod
 .text          0x0000000000000130      0x2c4 /home/netlab/zephyr-sdk-0.11.2/arm-zephyr-eabi/bin/../lib/gcc/arm-zephyr-eabi/9.2.0/thumb/v7e-m/nofp/libgcc.a(_udivmoddi4.o)
                0x0000000000000130                __udivmoddi4
 .text          0x00000000000003f4        0x4 /home/netlab/zephyr-sdk-0.11.2/arm-zephyr-eabi/bin/../lib/gcc/arm-zephyr-eabi/9.2.0/thumb/v7e-m/nofp/libgcc.a(_dvmd_tls.o)
                0x00000000000003f4                __aeabi_ldiv0
                0x00000000000003f4                __aeabi_idiv0
 *(SORT_BY_ALIGNMENT(.text.*))
 .text.main     0x00000000000003f8      0x318 app/libapp.a(main.c.obj)
                0x00000000000003f8                main
 .text.hci_init
                0x0000000000000710      0x520 zephyr/subsys/bluetooth/host/libsubsys__bluetooth__host.a(hci_core.c.obj)
 .text.ll_adv_enable
                0x0000000000000c30      0x5e8 zephyr/subsys/bluetooth/controller/libsubsys__bluetooth__controller.a(ull_adv.c.obj)
                0x0000000000000c30                ll_adv_enable
 .text.ll_scan_params_set
                0x0000000000001218       0x70 zephyr/subsys/bluetooth/controller/libsubsys__bluetooth__controller.a(ull_scan.c.obj)
                0x0000000000001218                ll_scan_params_set
 .text.ull_scan_params_set
                0x0000000000001288       0x4c zephyr/subsys/bluetooth/controller/libsubsys__bluetooth__controller.a(ull_scan.c.obj)
                0x0000000000001288                ull_scan_params_set
 *fill*         0x00000000000012d4        0x4 
 .text.ull_scan_enable
                0x00000000000012d8      0x180 zephyr/subsys/bluetooth/controller/libsubsys__bluetooth__controller.a(ull_scan.c.obj)
                0x00000000000012d8                ull_scan_enable
 .text.ull_conn_llcp
                0x0000000000001458     0x1dc0 zephyr/subsys/bluetooth/controller/libsubsys__bluetooth__controller.a(ull_conn.c.obj)
                0x0000000000001458                ull_conn_llcp
 .text.ull_slave_setup
                0x0000000000003218      0x3f4 zephyr/subsys/bluetooth/controller/libsubsys__bluetooth__controller.a(ull_slave.c.obj)
                0x0000000000003218                ull_slave_setup
 *fill*         0x000000000000360c        0x4 
 .text.ull_slave_done
                0x0000000000003610       0x8c zephyr/subsys/bluetooth/controller/libsubsys__bluetooth__controller.a(ull_slave.c.obj)
                0x0000000000003610                ull_slave_done
 *fill*         0x000000000000369c        0x4 
 .text.ull_master_setup
                0x00000000000036a0      0x28c zephyr/subsys/bluetooth/controller/libsubsys__bluetooth__controller.a(ull_master.c.obj)
                0x00000000000036a0                ull_master_setup
 *fill*         0x000000000000392c        0x4 
 .text.win_offset_calc
                0x0000000000003930      0x2fc zephyr/subsys/bluetooth/controller/libsubsys__bluetooth__controller.a(ull_sched.c.obj)
 *fill*         0x0000000000003c2c        0x4 
 .text.ull_sched_after_mstr_slot_get
                0x0000000000003c30      0x134 zephyr/subsys/bluetooth/controller/libsubsys__bluetooth__controller.a(ull_sched.c.obj)
                0x0000000000003c30                ull_sched_after_mstr_slot_get
 *fill*         0x0000000000003d64        0x4 
 .text.after_mstr_offset_get
                0x0000000000003d68       0x94 zephyr/subsys/bluetooth/controller/libsubsys__bluetooth__controller.a(ull_sched.c.obj)
 *fill*         0x0000000000003dfc        0x4 
 .text.ull_sched_mfy_win_offset_select
                0x0000000000003e00      0x12c zephyr/subsys/bluetooth/controller/libsubsys__bluetooth__controller.a(ull_sched.c.obj)
                0x0000000000003e00                ull_sched_mfy_win_offset_select
 *fill*         0x0000000000003f2c        0x4 
 .text.isr_rx   0x0000000000003f30      0x680 zephyr/subsys/bluetooth/controller/libsubsys__bluetooth__controller.a(lll_scan.c.obj)
 .text.svc_attr_memory_release
                0x00000000000045b0       0x54 app/libapp.a(gatt_dm.c.obj)
 .text.get_uuid_size.isra.0.part.0
                0x0000000000004604       0x28 app/libapp.a(gatt_dm.c.obj)
 .text.user_data_alloc.constprop.0
                0x000000000000462c       0x5c app/libapp.a(gatt_dm.c.obj)
 .text.attr_store.constprop.0
                0x0000000000004688       0xc4 app/libapp.a(gatt_dm.c.obj)
 .text.discovery_complete.constprop.0
                0x000000000000474c       0x5c app/libapp.a(gatt_dm.c.obj)
 .text.discovery_complete_error.constprop.0
                0x00000000000047a8       0x44 app/libapp.a(gatt_dm.c.obj)
 .text.discovery_complete_not_found
                0x00000000000047ec       0x60 app/libapp.a(gatt_dm.c.obj)
 .text.uuid_store.constprop.0
                0x000000000000484c       0x54 app/libapp.a(gatt_dm.c.obj)
 .text.discovery_callback
                0x00000000000048a0      0x210 app/libapp.a(gatt_dm.c.obj)
 .text.bt_gatt_dm_start
                0x0000000000004ab0       0xcc app/libapp.a(gatt_dm.c.obj)
                0x0000000000004ab0                bt_gatt_dm_start
 .text.discovery_error
                0x0000000000004b7c        0xc app/libapp.a(main.c.obj)
 .text.discovery_service_not_found
                0x0000000000004b88        0xc app/libapp.a(main.c.obj)
 .text.throughput_send
                0x0000000000004b94       0x1c app/libapp.a(main.c.obj)
 .text.throughput_read
                0x0000000000004bb0       0x28 app/libapp.a(main.c.obj)
 .text.discovery_complete
                0x0000000000004bd8       0x58 app/libapp.a(main.c.obj)
 .text.adv_start
                0x0000000000004c30       0x44 app/libapp.a(main.c.obj)
 .text.disconnected
                0x0000000000004c74       0x60 app/libapp.a(main.c.obj)
 .text.connected
                0x0000000000004cd4      0x10c app/libapp.a(main.c.obj)
 .text.throughput_received
                0x0000000000004de0       0x30 app/libapp.a(main.c.obj)
 .text.auth_cancel
                0x0000000000004e10       0x84 app/libapp.a(main.c.obj)
 .text.exchange_func
                0x0000000000004e94       0x70 app/libapp.a(main.c.obj)
 .text.write_callback
                0x0000000000004f04       0x94 app/libapp.a(throughput.c.obj)
 .text.read_callback
                0x0000000000004f98       0x68 app/libapp.a(throughput.c.obj)
 .text.read_fn  0x0000000000005000       0x3c app/libapp.a(throughput.c.obj)
 .text.bt_gatt_throughput_init
                0x000000000000503c       0x18 app/libapp.a(throughput.c.obj)
                0x000000000000503c                bt_gatt_throughput_init
 .text.bt_gatt_throughput_handles_assign
                0x0000000000005054       0xec app/libapp.a(throughput.c.obj)
                0x0000000000005054                bt_gatt_throughput_handles_assign
 .text.bt_gatt_throughput_read
                0x0000000000005140       0x48 app/libapp.a(throughput.c.obj)
                0x0000000000005140                bt_gatt_throughput_read
 .text.print_digits
                0x0000000000005188       0x98 zephyr/libzephyr.a(printk.c.obj)
 .text.char_out
                0x0000000000005220       0x10 zephyr/libzephyr.a(printk.c.obj)
 .text.__printk_hook_install
                0x0000000000005230        0xc zephyr/libzephyr.a(printk.c.obj)
                0x0000000000005230                __printk_hook_install
 .text.z_vprintk
                0x000000000000523c      0x23c zephyr/libzephyr.a(printk.c.obj)
                0x000000000000523c                z_vprintk
 .text.vprintk  0x0000000000005478       0x1c zephyr/libzephyr.a(printk.c.obj)
                0x0000000000005478                vprintk
 .text.vsnprintk
                0x0000000000005494       0x28 zephyr/libzephyr.a(printk.c.obj)
                0x0000000000005494                vsnprintk
 .text.enable_logger
                0x00000000000054bc       0x5c zephyr/libzephyr.a(log_core.c.obj)
 .text.log_process_thread_timer_expiry_fn
                0x0000000000005518        0xc zephyr/libzephyr.a(log_core.c.obj)
 .text.log_core_init
                0x0000000000005524       0x40 zephyr/libzephyr.a(log_core.c.obj)
                0x0000000000005524                log_core_init
 .text.dropped_notify
                0x0000000000005564       0x4c zephyr/libzephyr.a(log_core.c.obj)
                0x0000000000005564                dropped_notify
 .text.log_dropped
                0x00000000000055b0       0x20 zephyr/libzephyr.a(log_core.c.obj)
                0x00000000000055b0                log_dropped
 .text.log_source_name_get
                0x00000000000055d0       0x1c zephyr/libzephyr.a(log_core.c.obj)
                0x00000000000055d0                log_source_name_get
 .text.log_backend_enable
                0x00000000000055ec       0x34 zephyr/libzephyr.a(log_core.c.obj)
                0x00000000000055ec                log_backend_enable
 .text.log_init
                0x0000000000005620       0x54 zephyr/libzephyr.a(log_core.c.obj)
                0x0000000000005620                log_init
 .text.log_strdup
                0x0000000000005674       0x6c zephyr/libzephyr.a(log_core.c.obj)
                0x0000000000005674                log_strdup
 .text.log_is_strdup
                0x00000000000056e0       0x1c zephyr/libzephyr.a(log_core.c.obj)
                0x00000000000056e0                log_is_strdup
 .text.z_impl_log_process
                0x00000000000056fc      0x170 zephyr/libzephyr.a(log_core.c.obj)
                0x00000000000056fc                z_impl_log_process
 .text.msg_finalize
                0x000000000000586c       0xc4 zephyr/libzephyr.a(log_core.c.obj)
 .text.log_process_thread_func
                0x0000000000005930       0x48 zephyr/libzephyr.a(log_core.c.obj)
 .text.z_impl_log_panic
                0x0000000000005978       0x48 zephyr/libzephyr.a(log_core.c.obj)
                0x0000000000005978                z_impl_log_panic
 .text.log_free
                0x00000000000059c0       0x34 zephyr/libzephyr.a(log_core.c.obj)
                0x00000000000059c0                log_free
 .text.log_msg_pool_init
                0x00000000000059f4       0x14 zephyr/libzephyr.a(log_msg.c.obj)
                0x00000000000059f4                log_msg_pool_init
 .text.log_msg_no_space_handle
                0x0000000000005a08       0x30 zephyr/libzephyr.a(log_msg.c.obj)
                0x0000000000005a08                log_msg_no_space_handle
 .text.log_msg_chunk_alloc
                0x0000000000005a38       0x28 zephyr/libzephyr.a(log_msg.c.obj)
                0x0000000000005a38                log_msg_chunk_alloc
 .text.msg_free
                0x0000000000005a60       0x7c zephyr/libzephyr.a(log_msg.c.obj)
 .text.print_formatted
                0x0000000000005adc       0x24 zephyr/libzephyr.a(log_output.c.obj)
 .text.prefix_print
                0x0000000000005b00      0x11c zephyr/libzephyr.a(log_output.c.obj)
 .text.postfix_print
                0x0000000000005c1c       0x3c zephyr/libzephyr.a(log_output.c.obj)
 .text.hexdump_line_print
                0x0000000000005c58       0xdc zephyr/libzephyr.a(log_output.c.obj)
 .text.log_output_msg_process
                0x0000000000005d34       0xf4 zephyr/libzephyr.a(log_output.c.obj)
                0x0000000000005d34                log_output_msg_process
 .text.log_output_dropped_process
                0x0000000000005e28       0x54 zephyr/libzephyr.a(log_output.c.obj)
                0x0000000000005e28                log_output_dropped_process
 .text.log_output_timestamp_freq_set
                0x0000000000005e7c       0x30 zephyr/libzephyr.a(log_output.c.obj)
                0x0000000000005e7c                log_output_timestamp_freq_set
 .text.panic    0x0000000000005eac        0xc zephyr/libzephyr.a(log_backend_uart.c.obj)
 .text.dropped  0x0000000000005eb8        0xc zephyr/libzephyr.a(log_backend_uart.c.obj)
 .text.log_backend_uart_init
                0x0000000000005ec4       0x18 zephyr/libzephyr.a(log_backend_uart.c.obj)
 .text.put      0x0000000000005edc       0x24 zephyr/libzephyr.a(log_backend_uart.c.obj)
 .text.log_backend_rtt_init
                0x0000000000005f00        0xc zephyr/libzephyr.a(log_backend_rtt.c.obj)
 .text.panic    0x0000000000005f0c       0x14 zephyr/libzephyr.a(log_backend_rtt.c.obj)
 .text.dropped  0x0000000000005f20        0xc zephyr/libzephyr.a(log_backend_rtt.c.obj)
 .text.put      0x0000000000005f2c       0x24 zephyr/libzephyr.a(log_backend_rtt.c.obj)
 .text.on_failed_write.part.0
                0x0000000000005f50       0x1c zephyr/libzephyr.a(log_backend_rtt.c.obj)
 .text.data_out_block_mode
                0x0000000000005f6c       0xa0 zephyr/libzephyr.a(log_backend_rtt.c.obj)
 .text.tty_init
                0x000000000000600c       0x40 zephyr/libzephyr.a(tty.c.obj)
                0x000000000000600c                tty_init
 .text.console_init
                0x000000000000604c       0x4c zephyr/libzephyr.a(getchar.c.obj)
                0x000000000000604c                console_init
 .text.console_out
                0x0000000000006098       0x34 zephyr/libzephyr.a(uart_console.c.obj)
 .text.uart_console_init
                0x00000000000060cc       0x2c zephyr/libzephyr.a(uart_console.c.obj)
 .text.clkstarted_handle.constprop.0
                0x00000000000060f8       0x50 zephyr/libzephyr.a(nrf_power_clock.c.obj)
 .text.nrf_power_clock_isr
                0x0000000000006148       0x64 zephyr/libzephyr.a(nrf_power_clock.c.obj)
                0x0000000000006148                nrf_power_clock_isr
 .text.handle_next_tick_case
                0x00000000000061ac       0x28 zephyr/libzephyr.a(nrf_rtc_timer.c.obj)
 .text.event_clear
                0x00000000000061d4       0x18 zephyr/libzephyr.a(nrf_rtc_timer.c.obj)
 .text.rtc_nrf_isr
                0x00000000000061ec       0x2c zephyr/libzephyr.a(nrf_rtc_timer.c.obj)
                0x00000000000061ec                rtc_nrf_isr
 .text.z_clock_driver_init
                0x0000000000006218       0x64 zephyr/libzephyr.a(nrf_rtc_timer.c.obj)
                0x0000000000006218                z_clock_driver_init
 .text.z_clock_set_timeout
                0x000000000000627c       0xbc zephyr/libzephyr.a(nrf_rtc_timer.c.obj)
                0x000000000000627c                z_clock_set_timeout
 .text.z_clock_elapsed
                0x0000000000006338       0x34 zephyr/libzephyr.a(nrf_rtc_timer.c.obj)
                0x0000000000006338                z_clock_elapsed
 .text.z_timer_cycle_get_32
                0x000000000000636c       0x34 zephyr/libzephyr.a(nrf_rtc_timer.c.obj)
                0x000000000000636c                z_timer_cycle_get_32
 .text._DoInit  0x00000000000063a0       0x60 zephyr/libzephyr.a(SEGGER_RTT.c.obj)
 .text.SEGGER_RTT_WriteSkipNoLock
                0x0000000000006400       0x98 zephyr/libzephyr.a(SEGGER_RTT.c.obj)
                0x0000000000006400                SEGGER_RTT_WriteSkipNoLock
 .text.SEGGER_RTT_HasDataUp
                0x0000000000006498       0x14 zephyr/libzephyr.a(SEGGER_RTT.c.obj)
                0x0000000000006498                SEGGER_RTT_HasDataUp
 .text.uECC_get_rng
                0x00000000000064ac        0xc zephyr/libzephyr.a(ecc.c.obj)
                0x00000000000064ac                uECC_get_rng
 .text.vli_mmod_fast_secp256r1
                0x00000000000064b8      0x1a0 zephyr/libzephyr.a(ecc.c.obj)
                0x00000000000064b8                vli_mmod_fast_secp256r1
 .text.tc_aes128_set_encrypt_key
                0x0000000000006658       0xa4 zephyr/libzephyr.a(aes_encrypt.c.obj)
                0x0000000000006658                tc_aes128_set_encrypt_key
 .text.tc_aes_encrypt
                0x00000000000066fc       0xd4 zephyr/libzephyr.a(aes_encrypt.c.obj)
                0x00000000000066fc                tc_aes_encrypt
 .text.arch_swap
                0x00000000000067d0       0x34 zephyr/arch/arch/arm/core/aarch32/libarch__arm__core__aarch32.a(swap.c.obj)
                0x00000000000067d0                arch_swap
 .text.z_arm_pendsv
                0x0000000000006804       0x48 zephyr/arch/arch/arm/core/aarch32/libarch__arm__core__aarch32.a(swap_helper.S.obj)
                0x0000000000006804                z_arm_pendsv
 .text.z_arm_svc
                0x000000000000684c       0x20 zephyr/arch/arch/arm/core/aarch32/libarch__arm__core__aarch32.a(swap_helper.S.obj)
                0x000000000000684c                z_arm_svc
 .text.arch_irq_enable
                0x000000000000686c       0x20 zephyr/arch/arch/arm/core/aarch32/libarch__arm__core__aarch32.a(irq_manage.c.obj)
                0x000000000000686c                arch_irq_enable
 .text.arch_irq_disable
                0x000000000000688c       0x28 zephyr/arch/arch/arm/core/aarch32/libarch__arm__core__aarch32.a(irq_manage.c.obj)
                0x000000000000688c                arch_irq_disable
 .text.arch_irq_is_enabled
                0x00000000000068b4       0x1c zephyr/arch/arch/arm/core/aarch32/libarch__arm__core__aarch32.a(irq_manage.c.obj)
                0x00000000000068b4                arch_irq_is_enabled
 .text.z_arm_irq_priority_set
                0x00000000000068d0       0x30 zephyr/arch/arch/arm/core/aarch32/libarch__arm__core__aarch32.a(irq_manage.c.obj)
                0x00000000000068d0                z_arm_irq_priority_set
 .text._arch_isr_direct_pm
                0x0000000000006900       0x1c zephyr/arch/arch/arm/core/aarch32/libarch__arm__core__aarch32.a(irq_manage.c.obj)
                0x0000000000006900                _arch_isr_direct_pm
 .text.arch_new_thread
                0x000000000000691c       0x34 zephyr/arch/arch/arm/core/aarch32/libarch__arm__core__aarch32.a(thread.c.obj)
                0x000000000000691c                arch_new_thread
 .text.arch_switch_to_main_thread
                0x0000000000006950       0x38 zephyr/arch/arch/arm/core/aarch32/libarch__arm__core__aarch32.a(thread.c.obj)
                0x0000000000006950                arch_switch_to_main_thread
 .text.z_arm_cpu_idle_init
                0x0000000000006988        0xc zephyr/arch/arch/arm/core/aarch32/libarch__arm__core__aarch32.a(cpu_idle.S.obj)
                0x0000000000006988                z_arm_cpu_idle_init
 .text.arch_cpu_idle
                0x0000000000006994       0x1c zephyr/arch/arch/arm/core/aarch32/libarch__arm__core__aarch32.a(cpu_idle.S.obj)
                0x0000000000006994                arch_cpu_idle
 .text.z_arm_fatal_error
                0x00000000000069b0       0x70 zephyr/arch/arch/arm/core/aarch32/libarch__arm__core__aarch32.a(fatal.c.obj)
                0x00000000000069b0                z_arm_fatal_error
 .text.z_SysNmiOnReset
                0x0000000000006a20        0x8 zephyr/arch/arch/arm/core/aarch32/libarch__arm__core__aarch32.a(nmi_on_reset.S.obj)
                0x0000000000006a20                z_SysNmiOnReset
 .text.z_arm_prep_c
                0x0000000000006a28       0x44 zephyr/arch/arch/arm/core/aarch32/libarch__arm__core__aarch32.a(prep_c.c.obj)
                0x0000000000006a28                z_arm_prep_c
 .text._isr_wrapper
                0x0000000000006a6c       0x40 zephyr/arch/arch/arm/core/aarch32/libarch__arm__core__aarch32.a(isr_wrapper.S.obj)
                0x0000000000006a6c                _isr_wrapper
 .text._reset_section
                0x0000000000006aac       0x30 zephyr/arch/arch/arm/core/aarch32/cortex_m/libarch__arm__core__aarch32__cortex_m.a(reset.S.obj)
                0x0000000000006aac                z_arm_reset
                0x0000000000006aac                __start
 .text.__fault  0x0000000000006adc       0x14 zephyr/arch/arch/arm/core/aarch32/cortex_m/libarch__arm__core__aarch32__cortex_m.a(fault_s.S.obj)
                0x0000000000006adc                z_arm_bus_fault
                0x0000000000006adc                z_arm_usage_fault
                0x0000000000006adc                z_arm_mpu_fault
                0x0000000000006adc                z_arm_exc_spurious
                0x0000000000006adc                z_arm_debug_monitor
                0x0000000000006adc                z_arm_hard_fault
 .text.usage_fault.isra.0
                0x0000000000006af0       0xb8 zephyr/arch/arch/arm/core/aarch32/cortex_m/libarch__arm__core__aarch32__cortex_m.a(fault.c.obj)
 .text.mem_manage_fault.isra.0
                0x0000000000006ba8       0xcc zephyr/arch/arch/arm/core/aarch32/cortex_m/libarch__arm__core__aarch32__cortex_m.a(fault.c.obj)
 .text.bus_fault.isra.0
                0x0000000000006c74       0xdc zephyr/arch/arch/arm/core/aarch32/cortex_m/libarch__arm__core__aarch32__cortex_m.a(fault.c.obj)
 .text.z_arm_fault
                0x0000000000006d50      0x198 zephyr/arch/arch/arm/core/aarch32/cortex_m/libarch__arm__core__aarch32__cortex_m.a(fault.c.obj)
                0x0000000000006d50                z_arm_fault
 .text.z_arm_fault_init
                0x0000000000006ee8       0x10 zephyr/arch/arch/arm/core/aarch32/cortex_m/libarch__arm__core__aarch32__cortex_m.a(fault.c.obj)
                0x0000000000006ee8                z_arm_fault_init
 .text._HandlerModeExit
                0x0000000000006ef8       0x1c zephyr/arch/arch/arm/core/aarch32/cortex_m/libarch__arm__core__aarch32__cortex_m.a(exc_exit.S.obj)
                0x0000000000006ef8                z_arm_exc_exit
                0x0000000000006ef8                z_arm_int_exit
 .text.z_arm_interrupt_init
                0x0000000000006f14       0x18 zephyr/arch/arch/arm/core/aarch32/cortex_m/libarch__arm__core__aarch32__cortex_m.a(irq_init.c.obj)
                0x0000000000006f14                z_arm_interrupt_init
 .text.z_impl_k_thread_abort
                0x0000000000006f2c       0x4c zephyr/arch/arch/arm/core/aarch32/cortex_m/libarch__arm__core__aarch32__cortex_m.a(thread_abort.c.obj)
                0x0000000000006f2c                z_impl_k_thread_abort
 .text.z_arm_configure_static_mpu_regions
                0x0000000000006f78       0x38 zephyr/arch/arch/arm/core/aarch32/cortex_m/mpu/libarch__arm__core__aarch32__cortex_m__mpu.a(arm_core_mpu.c.obj)
                0x0000000000006f78                z_arm_configure_static_mpu_regions
 .text.mpu_configure_regions
                0x0000000000006fb0       0xc4 zephyr/arch/arch/arm/core/aarch32/cortex_m/mpu/libarch__arm__core__aarch32__cortex_m__mpu.a(arm_mpu.c.obj)
 .text.arm_core_mpu_enable
                0x0000000000007074       0x14 zephyr/arch/arch/arm/core/aarch32/cortex_m/mpu/libarch__arm__core__aarch32__cortex_m__mpu.a(arm_mpu.c.obj)
                0x0000000000007074                arm_core_mpu_enable
 .text.arm_core_mpu_disable
                0x0000000000007088       0x10 zephyr/arch/arch/arm/core/aarch32/cortex_m/mpu/libarch__arm__core__aarch32__cortex_m__mpu.a(arm_mpu.c.obj)
                0x0000000000007088                arm_core_mpu_disable
 .text.arm_mpu_init
                0x0000000000007098       0x5c zephyr/arch/arch/arm/core/aarch32/cortex_m/mpu/libarch__arm__core__aarch32__cortex_m__mpu.a(arm_mpu.c.obj)
 .text.arm_core_mpu_configure_static_mpu_regions
                0x00000000000070f4       0x14 zephyr/arch/arch/arm/core/aarch32/cortex_m/mpu/libarch__arm__core__aarch32__cortex_m__mpu.a(arm_mpu.c.obj)
                0x00000000000070f4                arm_core_mpu_configure_static_mpu_regions
 .text.__stdout_hook_install
                0x0000000000007108        0xc zephyr/lib/libc/minimal/liblib__libc__minimal.a(stdout_console.c.obj)
                0x0000000000007108                __stdout_hook_install
 .text.nordicsemi_nrf52_init
                0x0000000000007114       0x30 zephyr/soc/arm/nordic_nrf/nrf52/libsoc__arm__nordic_nrf__nrf52.a(soc.c.obj)
 .text.arch_busy_wait
                0x0000000000007144       0x14 zephyr/soc/arm/nordic_nrf/nrf52/libsoc__arm__nordic_nrf__nrf52.a(soc.c.obj)
                0x0000000000007144                arch_busy_wait
 .text.bt_hex_real
                0x0000000000007158       0x44 zephyr/subsys/bluetooth/common/libsubsys__bluetooth__common.a(log.c.obj)
                0x0000000000007158                bt_hex_real
 .text.bt_addr_le_str_real
                0x000000000000719c       0x7c zephyr/subsys/bluetooth/common/libsubsys__bluetooth__common.a(log.c.obj)
                0x000000000000719c                bt_addr_le_str_real
 .text.ecc_thread
                0x0000000000007218      0x1c4 zephyr/subsys/bluetooth/host/libsubsys__bluetooth__host.a(hci_ecc.c.obj)
 .text.bt_hci_ecc_send
                0x00000000000073dc      0x110 zephyr/subsys/bluetooth/host/libsubsys__bluetooth__host.a(hci_ecc.c.obj)
                0x00000000000073dc                bt_hci_ecc_send
 .text.bt_hci_ecc_init
                0x00000000000074ec       0x48 zephyr/subsys/bluetooth/host/libsubsys__bluetooth__host.a(hci_ecc.c.obj)
                0x00000000000074ec                bt_hci_ecc_init
 .text.uuid_to_uuid128
                0x0000000000007534       0x7c zephyr/subsys/bluetooth/host/libsubsys__bluetooth__host.a(uuid.c.obj)
 .text.le_dhkey_complete
                0x00000000000075b0       0x20 zephyr/subsys/bluetooth/host/libsubsys__bluetooth__host.a(hci_core.c.obj)
 .text.ver_str  0x00000000000075d0       0x38 zephyr/subsys/bluetooth/host/libsubsys__bluetooth__host.a(hci_core.c.obj)
 .text.id_find  0x0000000000007608       0x30 zephyr/subsys/bluetooth/host/libsubsys__bluetooth__host.a(hci_core.c.obj)
 .text.valid_adv_param
                0x0000000000007638       0x70 zephyr/subsys/bluetooth/host/libsubsys__bluetooth__host.a(hci_core.c.obj)
 .text.hci_data_buf_overflow
                0x00000000000076a8       0x24 zephyr/subsys/bluetooth/host/libsubsys__bluetooth__host.a(hci_core.c.obj)
 .text.le_pkey_complete
                0x00000000000076cc       0x50 zephyr/subsys/bluetooth/host/libsubsys__bluetooth__host.a(hci_core.c.obj)
 .text.le_data_len_change
                0x000000000000771c       0x3c zephyr/subsys/bluetooth/host/libsubsys__bluetooth__host.a(hci_core.c.obj)
 .text.le_conn_update_complete
                0x0000000000007758       0x98 zephyr/subsys/bluetooth/host/libsubsys__bluetooth__host.a(hci_core.c.obj)
 .text.hci_vendor_event
                0x00000000000077f0       0x38 zephyr/subsys/bluetooth/host/libsubsys__bluetooth__host.a(hci_core.c.obj)
 .text.update_sec_level
                0x0000000000007828       0x64 zephyr/subsys/bluetooth/host/libsubsys__bluetooth__host.a(hci_core.c.obj)
 .text.hci_encrypt_key_refresh_complete
                0x000000000000788c       0x84 zephyr/subsys/bluetooth/host/libsubsys__bluetooth__host.a(hci_core.c.obj)
 .text.hci_encrypt_change
                0x0000000000007910       0x8c zephyr/subsys/bluetooth/host/libsubsys__bluetooth__host.a(hci_core.c.obj)
 .text.find_pending_connect.part.0
                0x000000000000799c       0x3c zephyr/subsys/bluetooth/host/libsubsys__bluetooth__host.a(hci_core.c.obj)
 .text.handle_event
                0x00000000000079d8       0x84 zephyr/subsys/bluetooth/host/libsubsys__bluetooth__host.a(hci_core.c.obj)
 .text.hci_le_meta_event
                0x0000000000007a5c       0x20 zephyr/subsys/bluetooth/host/libsubsys__bluetooth__host.a(hci_core.c.obj)
 .text.hci_cmd_done
                0x0000000000007a7c       0xf4 zephyr/subsys/bluetooth/host/libsubsys__bluetooth__host.a(hci_core.c.obj)
 .text.hci_tx_thread
                0x0000000000007b70      0x188 zephyr/subsys/bluetooth/host/libsubsys__bluetooth__host.a(hci_core.c.obj)
 .text.hci_num_completed_packets
                0x0000000000007cf8      0x134 zephyr/subsys/bluetooth/host/libsubsys__bluetooth__host.a(hci_core.c.obj)
 .text.le_adv_start_add_conn
                0x0000000000007e2c       0xa8 zephyr/subsys/bluetooth/host/libsubsys__bluetooth__host.a(hci_core.c.obj)
 .text.hci_cmd_status
                0x0000000000007ed4       0x2c zephyr/subsys/bluetooth/host/libsubsys__bluetooth__host.a(hci_core.c.obj)
 .text.hci_cmd_complete
                0x0000000000007f00       0x30 zephyr/subsys/bluetooth/host/libsubsys__bluetooth__host.a(hci_core.c.obj)
 .text.bt_hci_cmd_create
                0x0000000000007f30       0x70 zephyr/subsys/bluetooth/host/libsubsys__bluetooth__host.a(hci_core.c.obj)
                0x0000000000007f30                bt_hci_cmd_create
 .text.bt_hci_cmd_send
                0x0000000000007fa0       0x64 zephyr/subsys/bluetooth/host/libsubsys__bluetooth__host.a(hci_core.c.obj)
                0x0000000000007fa0                bt_hci_cmd_send
 .text.le_ltk_request
                0x0000000000008004       0xc0 zephyr/subsys/bluetooth/host/libsubsys__bluetooth__host.a(hci_core.c.obj)
 .text.le_conn_param_neg_reply
                0x00000000000080c4       0x54 zephyr/subsys/bluetooth/host/libsubsys__bluetooth__host.a(hci_core.c.obj)
 .text.le_conn_param_req
                0x0000000000008118       0xd0 zephyr/subsys/bluetooth/host/libsubsys__bluetooth__host.a(hci_core.c.obj)
 .text.bt_hci_cmd_send_sync
                0x00000000000081e8       0xf0 zephyr/subsys/bluetooth/host/libsubsys__bluetooth__host.a(hci_core.c.obj)
                0x00000000000081e8                bt_hci_cmd_send_sync
 .text.hci_le_read_max_data_len
                0x00000000000082d8       0x54 zephyr/subsys/bluetooth/host/libsubsys__bluetooth__host.a(hci_core.c.obj)
 .text.set_random_address
                0x000000000000832c       0x5c zephyr/subsys/bluetooth/host/libsubsys__bluetooth__host.a(hci_core.c.obj)
 .text.le_create_conn_set_random_addr.isra.0
                0x0000000000008388       0x24 zephyr/subsys/bluetooth/host/libsubsys__bluetooth__host.a(hci_core.c.obj)
 .text.set_le_adv_enable_legacy
                0x00000000000083ac       0x5c zephyr/subsys/bluetooth/host/libsubsys__bluetooth__host.a(hci_core.c.obj)
 .text.set_le_scan_enable_legacy
                0x0000000000008408       0x78 zephyr/subsys/bluetooth/host/libsubsys__bluetooth__host.a(hci_core.c.obj)
 .text.le_adv_set_random_addr.isra.0
                0x0000000000008480       0xd8 zephyr/subsys/bluetooth/host/libsubsys__bluetooth__host.a(hci_core.c.obj)
 .text.hci_set_ad
                0x0000000000008558       0xe0 zephyr/subsys/bluetooth/host/libsubsys__bluetooth__host.a(hci_core.c.obj)
 .text.le_adv_update.constprop.0
                0x0000000000008638       0xe8 zephyr/subsys/bluetooth/host/libsubsys__bluetooth__host.a(hci_core.c.obj)
 .text.start_le_scan_legacy
                0x0000000000008720       0x98 zephyr/subsys/bluetooth/host/libsubsys__bluetooth__host.a(hci_core.c.obj)
 .text.bt_le_scan_random_addr_check
                0x00000000000087b8       0x10 zephyr/subsys/bluetooth/host/libsubsys__bluetooth__host.a(hci_core.c.obj)
                0x00000000000087b8                bt_le_scan_random_addr_check
 .text.bt_le_create_conn_legacy
                0x00000000000087c8       0xd8 zephyr/subsys/bluetooth/host/libsubsys__bluetooth__host.a(hci_core.c.obj)
                0x00000000000087c8                bt_le_create_conn_legacy
 .text.bt_le_create_conn_cancel
                0x00000000000088a0       0x48 zephyr/subsys/bluetooth/host/libsubsys__bluetooth__host.a(hci_core.c.obj)
                0x00000000000088a0                bt_le_create_conn_cancel
 .text.conn_auto_initiate
                0x00000000000088e8      0x108 zephyr/subsys/bluetooth/host/libsubsys__bluetooth__host.a(hci_core.c.obj)
 .text.le_phy_update_complete
                0x00000000000089f0       0x64 zephyr/subsys/bluetooth/host/libsubsys__bluetooth__host.a(hci_core.c.obj)
 .text.le_remote_feat_complete
                0x0000000000008a54       0x60 zephyr/subsys/bluetooth/host/libsubsys__bluetooth__host.a(hci_core.c.obj)
 .text.bt_id_add
                0x0000000000008ab4      0x1bc zephyr/subsys/bluetooth/host/libsubsys__bluetooth__host.a(hci_core.c.obj)
                0x0000000000008ab4                bt_id_add
 .text.bt_id_del
                0x0000000000008c70      0x154 zephyr/subsys/bluetooth/host/libsubsys__bluetooth__host.a(hci_core.c.obj)
                0x0000000000008c70                bt_id_del
 .text.bt_le_scan_update
                0x0000000000008dc4       0x7c zephyr/subsys/bluetooth/host/libsubsys__bluetooth__host.a(hci_core.c.obj)
                0x0000000000008dc4                bt_le_scan_update
 .text.le_adv_report
                0x0000000000008e40      0x1fc zephyr/subsys/bluetooth/host/libsubsys__bluetooth__host.a(hci_core.c.obj)
 .text.id_create.isra.0
                0x000000000000903c       0x54 zephyr/subsys/bluetooth/host/libsubsys__bluetooth__host.a(hci_core.c.obj)
 .text.bt_recv  0x0000000000009090      0x154 zephyr/subsys/bluetooth/host/libsubsys__bluetooth__host.a(hci_core.c.obj)
                0x0000000000009090                bt_recv
 .text.bt_recv_prio
                0x00000000000091e4       0xac zephyr/subsys/bluetooth/host/libsubsys__bluetooth__host.a(hci_core.c.obj)
                0x00000000000091e4                bt_recv_prio
 .text.bt_hci_driver_register
                0x0000000000009290       0x28 zephyr/subsys/bluetooth/host/libsubsys__bluetooth__host.a(hci_core.c.obj)
                0x0000000000009290                bt_hci_driver_register
 .text.bt_finalize_init
                0x00000000000092b8       0xe0 zephyr/subsys/bluetooth/host/libsubsys__bluetooth__host.a(hci_core.c.obj)
                0x00000000000092b8                bt_finalize_init
 .text.bt_get_name
                0x0000000000009398        0x8 zephyr/subsys/bluetooth/host/libsubsys__bluetooth__host.a(hci_core.c.obj)
                0x0000000000009398                bt_get_name
 .text.bt_id_create
                0x00000000000093a0       0x88 zephyr/subsys/bluetooth/host/libsubsys__bluetooth__host.a(hci_core.c.obj)
                0x00000000000093a0                bt_id_create
 .text.bt_setup_public_id_addr
                0x0000000000009428       0xa0 zephyr/subsys/bluetooth/host/libsubsys__bluetooth__host.a(hci_core.c.obj)
                0x0000000000009428                bt_setup_public_id_addr
 .text.bt_read_static_addr
                0x00000000000094c8       0xb4 zephyr/subsys/bluetooth/host/libsubsys__bluetooth__host.a(hci_core.c.obj)
                0x00000000000094c8                bt_read_static_addr
 .text.bt_setup_random_id_addr
                0x000000000000957c       0x58 zephyr/subsys/bluetooth/host/libsubsys__bluetooth__host.a(hci_core.c.obj)
                0x000000000000957c                bt_setup_random_id_addr
 .text.bt_enable
                0x00000000000095d4       0xfc zephyr/subsys/bluetooth/host/libsubsys__bluetooth__host.a(hci_core.c.obj)
                0x00000000000095d4                bt_enable
 .text.init_work
                0x00000000000096d0       0x2c zephyr/subsys/bluetooth/host/libsubsys__bluetooth__host.a(hci_core.c.obj)
 .text.bt_le_adv_start_legacy
                0x00000000000096fc      0x22c zephyr/subsys/bluetooth/host/libsubsys__bluetooth__host.a(hci_core.c.obj)
                0x00000000000096fc                bt_le_adv_start_legacy
 .text.bt_le_adv_stop
                0x0000000000009928       0xb8 zephyr/subsys/bluetooth/host/libsubsys__bluetooth__host.a(hci_core.c.obj)
                0x0000000000009928                bt_le_adv_stop
 .text.bt_le_adv_resume
                0x00000000000099e0       0x50 zephyr/subsys/bluetooth/host/libsubsys__bluetooth__host.a(hci_core.c.obj)
                0x00000000000099e0                bt_le_adv_resume
 .text.hci_disconn_complete
                0x0000000000009a30       0x7c zephyr/subsys/bluetooth/host/libsubsys__bluetooth__host.a(hci_core.c.obj)
 .text.enh_conn_complete
                0x0000000000009aac      0x260 zephyr/subsys/bluetooth/host/libsubsys__bluetooth__host.a(hci_core.c.obj)
 .text.bt_buf_get_rx
                0x0000000000009d0c       0x20 zephyr/subsys/bluetooth/host/libsubsys__bluetooth__host.a(hci_core.c.obj)
                0x0000000000009d0c                bt_buf_get_rx
 .text.bt_buf_get_cmd_complete
                0x0000000000009d2c       0x4c zephyr/subsys/bluetooth/host/libsubsys__bluetooth__host.a(hci_core.c.obj)
                0x0000000000009d2c                bt_buf_get_cmd_complete
 .text.bt_buf_get_evt
                0x0000000000009d78       0x54 zephyr/subsys/bluetooth/host/libsubsys__bluetooth__host.a(hci_core.c.obj)
                0x0000000000009d78                bt_buf_get_evt
 .text.bt_pub_key_gen
                0x0000000000009dcc       0xa0 zephyr/subsys/bluetooth/host/libsubsys__bluetooth__host.a(hci_core.c.obj)
                0x0000000000009dcc                bt_pub_key_gen
 .text.bt_pub_key_get
                0x0000000000009e6c       0x1c zephyr/subsys/bluetooth/host/libsubsys__bluetooth__host.a(hci_core.c.obj)
                0x0000000000009e6c                bt_pub_key_get
 .text.bt_dh_key_gen
                0x0000000000009e88       0x74 zephyr/subsys/bluetooth/host/libsubsys__bluetooth__host.a(hci_core.c.obj)
                0x0000000000009e88                bt_dh_key_gen
 .text.tx_free  0x0000000000009efc       0x14 zephyr/subsys/bluetooth/host/libsubsys__bluetooth__host.a(conn.c.obj)
 .text.notify_connected
                0x0000000000009f10       0x2c zephyr/subsys/bluetooth/host/libsubsys__bluetooth__host.a(conn.c.obj)
 .text.send_frag
                0x0000000000009f3c      0x130 zephyr/subsys/bluetooth/host/libsubsys__bluetooth__host.a(conn.c.obj)
 .text.conn_cleanup
                0x000000000000a06c       0x44 zephyr/subsys/bluetooth/host/libsubsys__bluetooth__host.a(conn.c.obj)
 .text.bt_conn_get_pkts
                0x000000000000a0b0        0x8 zephyr/subsys/bluetooth/host/libsubsys__bluetooth__host.a(conn.c.obj)
                0x000000000000a0b0                bt_conn_get_pkts
 .text.notify_le_param_updated
                0x000000000000a0b8       0x68 zephyr/subsys/bluetooth/host/libsubsys__bluetooth__host.a(conn.c.obj)
                0x000000000000a0b8                notify_le_param_updated
 .text.le_param_req
                0x000000000000a120       0x40 zephyr/subsys/bluetooth/host/libsubsys__bluetooth__host.a(conn.c.obj)
                0x000000000000a120                le_param_req
 .text.bt_conn_identity_resolved
                0x000000000000a160       0x34 zephyr/subsys/bluetooth/host/libsubsys__bluetooth__host.a(conn.c.obj)
                0x000000000000a160                bt_conn_identity_resolved
 .text.bt_conn_security_changed
                0x000000000000a194       0x24 zephyr/subsys/bluetooth/host/libsubsys__bluetooth__host.a(conn.c.obj)
                0x000000000000a194                bt_conn_security_changed
 .text.bt_conn_cb_register
                0x000000000000a1b8       0x10 zephyr/subsys/bluetooth/host/libsubsys__bluetooth__host.a(conn.c.obj)
                0x000000000000a1b8                bt_conn_cb_register
 .text.bt_conn_recv
                0x000000000000a1c8      0x134 zephyr/subsys/bluetooth/host/libsubsys__bluetooth__host.a(conn.c.obj)
                0x000000000000a1c8                bt_conn_recv
 .text.bt_conn_send_cb
                0x000000000000a2fc       0xd8 zephyr/subsys/bluetooth/host/libsubsys__bluetooth__host.a(conn.c.obj)
                0x000000000000a2fc                bt_conn_send_cb
 .text.bt_conn_prepare_events
                0x000000000000a3d4       0xd8 zephyr/subsys/bluetooth/host/libsubsys__bluetooth__host.a(conn.c.obj)
                0x000000000000a3d4                bt_conn_prepare_events
 .text.bt_conn_add_le
                0x000000000000a4ac       0x9c zephyr/subsys/bluetooth/host/libsubsys__bluetooth__host.a(conn.c.obj)
                0x000000000000a4ac                bt_conn_add_le
 .text.bt_conn_set_state
                0x000000000000a548      0x200 zephyr/subsys/bluetooth/host/libsubsys__bluetooth__host.a(conn.c.obj)
                0x000000000000a548                bt_conn_set_state
 .text.bt_conn_lookup_handle
                0x000000000000a748       0x5c zephyr/subsys/bluetooth/host/libsubsys__bluetooth__host.a(conn.c.obj)
                0x000000000000a748                bt_conn_lookup_handle
 .text.bt_conn_lookup_addr_le
                0x000000000000a7a4       0x60 zephyr/subsys/bluetooth/host/libsubsys__bluetooth__host.a(conn.c.obj)
                0x000000000000a7a4                bt_conn_lookup_addr_le
 .text.bt_conn_exists_le
                0x000000000000a804       0x4c zephyr/subsys/bluetooth/host/libsubsys__bluetooth__host.a(conn.c.obj)
                0x000000000000a804                bt_conn_exists_le
 .text.bt_conn_lookup_state_le
                0x000000000000a850       0x8c zephyr/subsys/bluetooth/host/libsubsys__bluetooth__host.a(conn.c.obj)
                0x000000000000a850                bt_conn_lookup_state_le
 .text.bt_conn_get_info
                0x000000000000a8dc       0x58 zephyr/subsys/bluetooth/host/libsubsys__bluetooth__host.a(conn.c.obj)
                0x000000000000a8dc                bt_conn_get_info
 .text.bt_le_set_auto_conn
                0x000000000000a934       0xf0 zephyr/subsys/bluetooth/host/libsubsys__bluetooth__host.a(conn.c.obj)
                0x000000000000a934                bt_le_set_auto_conn
 .text.bt_conn_disconnect
                0x000000000000aa24       0xa0 zephyr/subsys/bluetooth/host/libsubsys__bluetooth__host.a(conn.c.obj)
                0x000000000000aa24                bt_conn_disconnect
 .text.send_conn_le_param_update
                0x000000000000aac4       0x5c zephyr/subsys/bluetooth/host/libsubsys__bluetooth__host.a(conn.c.obj)
 .text.conn_update_timeout
                0x000000000000ab20       0xac zephyr/subsys/bluetooth/host/libsubsys__bluetooth__host.a(conn.c.obj)
 .text.bt_conn_create_pdu_timeout
                0x000000000000abcc       0x48 zephyr/subsys/bluetooth/host/libsubsys__bluetooth__host.a(conn.c.obj)
                0x000000000000abcc                bt_conn_create_pdu_timeout
 .text.bt_conn_create_frag_timeout
                0x000000000000ac14        0xc zephyr/subsys/bluetooth/host/libsubsys__bluetooth__host.a(conn.c.obj)
                0x000000000000ac14                bt_conn_create_frag_timeout
 .text.create_frag.isra.0
                0x000000000000ac20       0x6c zephyr/subsys/bluetooth/host/libsubsys__bluetooth__host.a(conn.c.obj)
 .text.bt_conn_process_tx
                0x000000000000ac8c       0xd0 zephyr/subsys/bluetooth/host/libsubsys__bluetooth__host.a(conn.c.obj)
                0x000000000000ac8c                bt_conn_process_tx
 .text.bt_conn_auth_cb_register
                0x000000000000ad5c       0x38 zephyr/subsys/bluetooth/host/libsubsys__bluetooth__host.a(conn.c.obj)
                0x000000000000ad5c                bt_conn_auth_cb_register
 .text.bt_conn_index
                0x000000000000ad94       0x18 zephyr/subsys/bluetooth/host/libsubsys__bluetooth__host.a(conn.c.obj)
                0x000000000000ad94                bt_conn_index
 .text.bt_conn_lookup_index
                0x000000000000adac       0x34 zephyr/subsys/bluetooth/host/libsubsys__bluetooth__host.a(conn.c.obj)
                0x000000000000adac                bt_conn_lookup_index
 .text.bt_conn_init
                0x000000000000ade0       0x88 zephyr/subsys/bluetooth/host/libsubsys__bluetooth__host.a(conn.c.obj)
                0x000000000000ade0                bt_conn_init
 .text.get_ident
                0x000000000000ae68       0x18 zephyr/subsys/bluetooth/host/libsubsys__bluetooth__host.a(l2cap.c.obj)
 .text.l2cap_server_lookup_psm
                0x000000000000ae80       0x28 zephyr/subsys/bluetooth/host/libsubsys__bluetooth__host.a(l2cap.c.obj)
 .text.l2cap_accept
                0x000000000000aea8       0x54 zephyr/subsys/bluetooth/host/libsubsys__bluetooth__host.a(l2cap.c.obj)
 .text.l2cap_create_le_sig_pdu.isra.0
                0x000000000000aefc       0x60 zephyr/subsys/bluetooth/host/libsubsys__bluetooth__host.a(l2cap.c.obj)
 .text.l2cap_chan_tx_init
                0x000000000000af5c       0x40 zephyr/subsys/bluetooth/host/libsubsys__bluetooth__host.a(l2cap.c.obj)
 .text.k_work_submit_to_queue.constprop.0
                0x000000000000af9c       0x30 zephyr/subsys/bluetooth/host/libsubsys__bluetooth__host.a(l2cap.c.obj)
 .text.l2cap_rtx_timeout
                0x000000000000afcc       0x50 zephyr/subsys/bluetooth/host/libsubsys__bluetooth__host.a(l2cap.c.obj)
 .text.l2cap_chan_le_send
                0x000000000000b01c      0x1d8 zephyr/subsys/bluetooth/host/libsubsys__bluetooth__host.a(l2cap.c.obj)
 .text.l2cap_chan_send_req
                0x000000000000b1f4       0x20 zephyr/subsys/bluetooth/host/libsubsys__bluetooth__host.a(l2cap.c.obj)
 .text.l2cap_chan_send_credits.isra.0
                0x000000000000b214       0xe8 zephyr/subsys/bluetooth/host/libsubsys__bluetooth__host.a(l2cap.c.obj)
 .text.l2cap_chan_add
                0x000000000000b2fc       0xb8 zephyr/subsys/bluetooth/host/libsubsys__bluetooth__host.a(l2cap.c.obj)
 .text.bt_l2cap_connected
                0x000000000000b3b4       0x74 zephyr/subsys/bluetooth/host/libsubsys__bluetooth__host.a(l2cap.c.obj)
                0x000000000000b3b4                bt_l2cap_connected
 .text.l2cap_chan_accept
                0x000000000000b428       0xdc zephyr/subsys/bluetooth/host/libsubsys__bluetooth__host.a(l2cap.c.obj)
 .text.l2cap_chan_le_recv_seg
                0x000000000000b504      0x168 zephyr/subsys/bluetooth/host/libsubsys__bluetooth__host.a(l2cap.c.obj)
 .text.l2cap_chan_le_recv
                0x000000000000b66c       0xf8 zephyr/subsys/bluetooth/host/libsubsys__bluetooth__host.a(l2cap.c.obj)
 .text.bt_l2cap_recv
                0x000000000000b764       0xe0 zephyr/subsys/bluetooth/host/libsubsys__bluetooth__host.a(l2cap.c.obj)
                0x000000000000b764                bt_l2cap_recv
 .text.l2cap_recv
                0x000000000000b844      0x7b8 zephyr/subsys/bluetooth/host/libsubsys__bluetooth__host.a(l2cap.c.obj)
 .text.att_cfm_sent
                0x000000000000bffc       0x10 zephyr/subsys/bluetooth/host/libsubsys__bluetooth__host.a(att.c.obj)
 .text.att_rsp_sent
                0x000000000000c00c       0x10 zephyr/subsys/bluetooth/host/libsubsys__bluetooth__host.a(att.c.obj)
 .text.att_req_sent
                0x000000000000c01c       0x10 zephyr/subsys/bluetooth/host/libsubsys__bluetooth__host.a(att.c.obj)
 .text.bt_att_released
                0x000000000000c02c       0x18 zephyr/subsys/bluetooth/host/libsubsys__bluetooth__host.a(att.c.obj)
 .text.read_group_cb
                0x000000000000c044       0xa8 zephyr/subsys/bluetooth/host/libsubsys__bluetooth__host.a(att.c.obj)
 .text.read_type_cb
                0x000000000000c0ec       0xa4 zephyr/subsys/bluetooth/host/libsubsys__bluetooth__host.a(att.c.obj)
 .text.find_type_cb
                0x000000000000c190      0x164 zephyr/subsys/bluetooth/host/libsubsys__bluetooth__host.a(att.c.obj)
 .text.att_get  0x000000000000c2f4       0x80 zephyr/subsys/bluetooth/host/libsubsys__bluetooth__host.a(att.c.obj)
 .text.chan_req_sent
                0x000000000000c374       0x1c zephyr/subsys/bluetooth/host/libsubsys__bluetooth__host.a(att.c.obj)
 .text.bt_att_accept
                0x000000000000c390       0xd8 zephyr/subsys/bluetooth/host/libsubsys__bluetooth__host.a(att.c.obj)
 .text.bt_att_connected
                0x000000000000c468       0x64 zephyr/subsys/bluetooth/host/libsubsys__bluetooth__host.a(att.c.obj)
 .text.prep_write_cb
                0x000000000000c4cc       0x7c zephyr/subsys/bluetooth/host/libsubsys__bluetooth__host.a(att.c.obj)
 .text.chan_send
                0x000000000000c548       0xb8 zephyr/subsys/bluetooth/host/libsubsys__bluetooth__host.a(att.c.obj)
 .text.bt_att_chan_create_pdu
                0x000000000000c600       0x88 zephyr/subsys/bluetooth/host/libsubsys__bluetooth__host.a(att.c.obj)
                0x000000000000c600                bt_att_chan_create_pdu
 .text.att_indicate
                0x000000000000c688       0x3c zephyr/subsys/bluetooth/host/libsubsys__bluetooth__host.a(att.c.obj)
 .text.send_err_rsp.part.0
                0x000000000000c6c4       0x40 zephyr/subsys/bluetooth/host/libsubsys__bluetooth__host.a(att.c.obj)
 .text.bt_att_recv
                0x000000000000c704      0x158 zephyr/subsys/bluetooth/host/libsubsys__bluetooth__host.a(att.c.obj)
 .text.att_write_rsp
                0x000000000000c85c       0xd0 zephyr/subsys/bluetooth/host/libsubsys__bluetooth__host.a(att.c.obj)
 .text.bt_att_create_pdu
                0x000000000000c92c       0x70 zephyr/subsys/bluetooth/host/libsubsys__bluetooth__host.a(att.c.obj)
                0x000000000000c92c                bt_att_create_pdu
 .text.att_exec_write_req
                0x000000000000c99c       0x84 zephyr/subsys/bluetooth/host/libsubsys__bluetooth__host.a(att.c.obj)
 .text.att_prepare_write_req
                0x000000000000ca20       0xe4 zephyr/subsys/bluetooth/host/libsubsys__bluetooth__host.a(att.c.obj)
 .text.att_read_group_req
                0x000000000000cb04      0x108 zephyr/subsys/bluetooth/host/libsubsys__bluetooth__host.a(att.c.obj)
 .text.att_read_mult_req
                0x000000000000cc0c       0x8c zephyr/subsys/bluetooth/host/libsubsys__bluetooth__host.a(att.c.obj)
 .text.att_read_rsp
                0x000000000000cc98       0x98 zephyr/subsys/bluetooth/host/libsubsys__bluetooth__host.a(att.c.obj)
 .text.att_read_type_req
                0x000000000000cd30       0xc8 zephyr/subsys/bluetooth/host/libsubsys__bluetooth__host.a(att.c.obj)
 .text.att_find_type_req
                0x000000000000cdf8       0xdc zephyr/subsys/bluetooth/host/libsubsys__bluetooth__host.a(att.c.obj)
 .text.att_find_info_req
                0x000000000000ced4       0x78 zephyr/subsys/bluetooth/host/libsubsys__bluetooth__host.a(att.c.obj)
 .text.att_mtu_req
                0x000000000000cf4c       0x6c zephyr/subsys/bluetooth/host/libsubsys__bluetooth__host.a(att.c.obj)
 .text.bt_att_req_alloc
                0x000000000000cfb8       0x2c zephyr/subsys/bluetooth/host/libsubsys__bluetooth__host.a(att.c.obj)
                0x000000000000cfb8                bt_att_req_alloc
 .text.bt_att_req_free
                0x000000000000cfe4       0x18 zephyr/subsys/bluetooth/host/libsubsys__bluetooth__host.a(att.c.obj)
                0x000000000000cfe4                bt_att_req_free
 .text.att_handle_rsp
                0x000000000000cffc       0xf4 zephyr/subsys/bluetooth/host/libsubsys__bluetooth__host.a(att.c.obj)
 .text.att_error_rsp
                0x000000000000d0f0       0x78 zephyr/subsys/bluetooth/host/libsubsys__bluetooth__host.a(att.c.obj)
 .text.bt_att_encrypt_change
                0x000000000000d168       0x68 zephyr/subsys/bluetooth/host/libsubsys__bluetooth__host.a(att.c.obj)
 .text.att_reset
                0x000000000000d1d0       0x78 zephyr/subsys/bluetooth/host/libsubsys__bluetooth__host.a(att.c.obj)
 .text.att_timeout
                0x000000000000d248       0x48 zephyr/subsys/bluetooth/host/libsubsys__bluetooth__host.a(att.c.obj)
 .text.bt_att_req_cancel
                0x000000000000d290       0x60 zephyr/subsys/bluetooth/host/libsubsys__bluetooth__host.a(att.c.obj)
                0x000000000000d290                bt_att_req_cancel
 .text.find_static_attr
                0x000000000000d2f0       0x48 zephyr/subsys/bluetooth/host/libsubsys__bluetooth__host.a(gatt.c.obj)
 .text.notify_mult_process
                0x000000000000d338       0x44 zephyr/subsys/bluetooth/host/libsubsys__bluetooth__host.a(gatt.c.obj)
 .text.gatt_send.constprop.0
                0x000000000000d37c       0x78 zephyr/subsys/bluetooth/host/libsubsys__bluetooth__host.a(gatt.c.obj)
 .text.gatt_indicate
                0x000000000000d3f4       0x80 zephyr/subsys/bluetooth/host/libsubsys__bluetooth__host.a(gatt.c.obj)
 .text.gatt_sub_find_free
                0x000000000000d474       0x54 zephyr/subsys/bluetooth/host/libsubsys__bluetooth__host.a(gatt.c.obj)
 .text.gatt_write_ccc.constprop.0
                0x000000000000d4c8       0x68 zephyr/subsys/bluetooth/host/libsubsys__bluetooth__host.a(gatt.c.obj)
 .text.find_sc_cfg
                0x000000000000d530       0x44 zephyr/subsys/bluetooth/host/libsubsys__bluetooth__host.a(gatt.c.obj)
 .text.sc_save  0x000000000000d574       0x70 zephyr/subsys/bluetooth/host/libsubsys__bluetooth__host.a(gatt.c.obj)
 .text.find_cf_cfg
                0x000000000000d5e4       0x44 zephyr/subsys/bluetooth/host/libsubsys__bluetooth__host.a(gatt.c.obj)
 .text.gatt_notify
                0x000000000000d628      0x154 zephyr/subsys/bluetooth/host/libsubsys__bluetooth__host.a(gatt.c.obj)
 .text.notify_cb
                0x000000000000d77c       0xf4 zephyr/subsys/bluetooth/host/libsubsys__bluetooth__host.a(gatt.c.obj)
 .text.cf_write
                0x000000000000d870       0xc0 zephyr/subsys/bluetooth/host/libsubsys__bluetooth__host.a(gatt.c.obj)
 .text.bt_gatt_attr_write_ccc
                0x000000000000d930       0xd4 zephyr/subsys/bluetooth/host/libsubsys__bluetooth__host.a(gatt.c.obj)
                0x000000000000d930                bt_gatt_attr_write_ccc
 .text.sc_indicate_rsp
                0x000000000000da04       0x60 zephyr/subsys/bluetooth/host/libsubsys__bluetooth__host.a(gatt.c.obj)
 .text.read_ppcp
                0x000000000000da64       0x38 zephyr/subsys/bluetooth/host/libsubsys__bluetooth__host.a(gatt.c.obj)
 .text.disconnected_cb
                0x000000000000da9c       0xbc zephyr/subsys/bluetooth/host/libsubsys__bluetooth__host.a(gatt.c.obj)
 .text.bt_gatt_init
                0x000000000000db58       0x88 zephyr/subsys/bluetooth/host/libsubsys__bluetooth__host.a(gatt.c.obj)
                0x000000000000db58                bt_gatt_init
 .text.bt_gatt_attr_value_handle
                0x000000000000dbe0       0x30 zephyr/subsys/bluetooth/host/libsubsys__bluetooth__host.a(gatt.c.obj)
                0x000000000000dbe0                bt_gatt_attr_value_handle
 .text.bt_gatt_foreach_attr_type
                0x000000000000dc10       0xc0 zephyr/subsys/bluetooth/host/libsubsys__bluetooth__host.a(gatt.c.obj)
                0x000000000000dc10                bt_gatt_foreach_attr_type
 .text.db_hash_gen.isra.0
                0x000000000000dcd0       0x90 zephyr/subsys/bluetooth/host/libsubsys__bluetooth__host.a(gatt.c.obj)
 .text.bt_gatt_indicate
                0x000000000000dd60       0xf8 zephyr/subsys/bluetooth/host/libsubsys__bluetooth__host.a(gatt.c.obj)
                0x000000000000dd60                bt_gatt_indicate
 .text.sc_process
                0x000000000000de58       0x68 zephyr/subsys/bluetooth/host/libsubsys__bluetooth__host.a(gatt.c.obj)
 .text.update_ccc
                0x000000000000dec0      0x130 zephyr/subsys/bluetooth/host/libsubsys__bluetooth__host.a(gatt.c.obj)
 .text.bt_gatt_exchange_mtu
                0x000000000000dff0       0x4c zephyr/subsys/bluetooth/host/libsubsys__bluetooth__host.a(gatt.c.obj)
                0x000000000000dff0                bt_gatt_exchange_mtu
 .text.bt_gatt_discover
                0x000000000000e03c      0x1f0 zephyr/subsys/bluetooth/host/libsubsys__bluetooth__host.a(gatt.c.obj)
                0x000000000000e03c                bt_gatt_discover
 .text.gatt_read_group_rsp
                0x000000000000e22c      0x110 zephyr/subsys/bluetooth/host/libsubsys__bluetooth__host.a(gatt.c.obj)
 .text.gatt_read_type_rsp
                0x000000000000e33c      0x238 zephyr/subsys/bluetooth/host/libsubsys__bluetooth__host.a(gatt.c.obj)
 .text.read_included_uuid_cb
                0x000000000000e574       0xb0 zephyr/subsys/bluetooth/host/libsubsys__bluetooth__host.a(gatt.c.obj)
 .text.gatt_find_info_rsp
                0x000000000000e624      0x164 zephyr/subsys/bluetooth/host/libsubsys__bluetooth__host.a(gatt.c.obj)
 .text.bt_gatt_read
                0x000000000000e788       0xec zephyr/subsys/bluetooth/host/libsubsys__bluetooth__host.a(gatt.c.obj)
                0x000000000000e788                bt_gatt_read
 .text.gatt_read_rsp
                0x000000000000e874      0x110 zephyr/subsys/bluetooth/host/libsubsys__bluetooth__host.a(gatt.c.obj)
 .text.bt_gatt_write_without_response_cb
                0x000000000000e984       0xac zephyr/subsys/bluetooth/host/libsubsys__bluetooth__host.a(gatt.c.obj)
                0x000000000000e984                bt_gatt_write_without_response_cb
 .text.bt_gatt_mult_notification
                0x000000000000ea30       0xc0 zephyr/subsys/bluetooth/host/libsubsys__bluetooth__host.a(gatt.c.obj)
                0x000000000000ea30                bt_gatt_mult_notification
 .text.bt_gatt_connected
                0x000000000000eaf0       0x80 zephyr/subsys/bluetooth/host/libsubsys__bluetooth__host.a(gatt.c.obj)
                0x000000000000eaf0                bt_gatt_connected
 .text.bt_gatt_encrypt_change
                0x000000000000eb70       0x20 zephyr/subsys/bluetooth/host/libsubsys__bluetooth__host.a(gatt.c.obj)
                0x000000000000eb70                bt_gatt_encrypt_change
 .text.db_hash_read
                0x000000000000eb90       0x4c zephyr/subsys/bluetooth/host/libsubsys__bluetooth__host.a(gatt.c.obj)
 .text.bt_gatt_disconnected
                0x000000000000ebdc       0xd8 zephyr/subsys/bluetooth/host/libsubsys__bluetooth__host.a(gatt.c.obj)
                0x000000000000ebdc                bt_gatt_disconnected
 .text.get_io_capa
                0x000000000000ecb4       0x4c zephyr/subsys/bluetooth/host/libsubsys__bluetooth__host.a(smp.c.obj)
 .text.smp_g2   0x000000000000ed00       0x68 zephyr/subsys/bluetooth/host/libsubsys__bluetooth__host.a(smp.c.obj)
 .text.display_passkey
                0x000000000000ed68       0x58 zephyr/subsys/bluetooth/host/libsubsys__bluetooth__host.a(smp.c.obj)
 .text.smp_ident_info
                0x000000000000edc0       0x70 zephyr/subsys/bluetooth/host/libsubsys__bluetooth__host.a(smp.c.obj)
 .text.smp_encrypt_info
                0x000000000000ee30       0x70 zephyr/subsys/bluetooth/host/libsubsys__bluetooth__host.a(smp.c.obj)
 .text.legacy_request_tk
                0x000000000000eea0      0x114 zephyr/subsys/bluetooth/host/libsubsys__bluetooth__host.a(smp.c.obj)
 .text.get_auth.isra.0
                0x000000000000efb4       0x3c zephyr/subsys/bluetooth/host/libsubsys__bluetooth__host.a(smp.c.obj)
 .text.sec_level_reachable.isra.0
                0x000000000000eff0       0x60 zephyr/subsys/bluetooth/host/libsubsys__bluetooth__host.a(smp.c.obj)
 .text.smp_chan_get
                0x000000000000f050       0x30 zephyr/subsys/bluetooth/host/libsubsys__bluetooth__host.a(smp.c.obj)
 .text.get_pair_method
                0x000000000000f080       0xa0 zephyr/subsys/bluetooth/host/libsubsys__bluetooth__host.a(smp.c.obj)
 .text.smp_init
                0x000000000000f120       0x3c zephyr/subsys/bluetooth/host/libsubsys__bluetooth__host.a(smp.c.obj)
 .text.bt_smp_accept
                0x000000000000f15c       0x54 zephyr/subsys/bluetooth/host/libsubsys__bluetooth__host.a(smp.c.obj)
 .text.smp_f5   0x000000000000f1b0       0xd0 zephyr/subsys/bluetooth/host/libsubsys__bluetooth__host.a(smp.c.obj)
 .text.sc_smp_check_confirm
                0x000000000000f280       0x6c zephyr/subsys/bluetooth/host/libsubsys__bluetooth__host.a(smp.c.obj)
 .text.smp_send.isra.0
                0x000000000000f2ec       0x30 zephyr/subsys/bluetooth/host/libsubsys__bluetooth__host.a(smp.c.obj)
 .text.sc_send_public_key
                0x000000000000f31c       0x44 zephyr/subsys/bluetooth/host/libsubsys__bluetooth__host.a(smp.c.obj)
 .text.smp_pairing_req
                0x000000000000f360      0x1d8 zephyr/subsys/bluetooth/host/libsubsys__bluetooth__host.a(smp.c.obj)
 .text.smp_send_pairing_confirm
                0x000000000000f538       0x80 zephyr/subsys/bluetooth/host/libsubsys__bluetooth__host.a(smp.c.obj)
 .text.smp_send_pairing_req
                0x000000000000f5b8      0x108 zephyr/subsys/bluetooth/host/libsubsys__bluetooth__host.a(smp.c.obj)
 .text.smp_security_request
                0x000000000000f6c0      0x104 zephyr/subsys/bluetooth/host/libsubsys__bluetooth__host.a(smp.c.obj)
 .text.bt_smp_distribute_keys
                0x000000000000f7c4      0x14c zephyr/subsys/bluetooth/host/libsubsys__bluetooth__host.a(smp.c.obj)
 .text.smp_pairing_complete
                0x000000000000f910       0x94 zephyr/subsys/bluetooth/host/libsubsys__bluetooth__host.a(smp.c.obj)
 .text.bt_smp_dhkey_ready
                0x000000000000f9a4       0x9c zephyr/subsys/bluetooth/host/libsubsys__bluetooth__host.a(smp.c.obj)
 .text.bt_smp_recv
                0x000000000000fa40      0x100 zephyr/subsys/bluetooth/host/libsubsys__bluetooth__host.a(smp.c.obj)
 .text.smp_timeout
                0x000000000000fb40       0x3c zephyr/subsys/bluetooth/host/libsubsys__bluetooth__host.a(smp.c.obj)
 .text.smp_pairing_failed
                0x000000000000fb7c       0x68 zephyr/subsys/bluetooth/host/libsubsys__bluetooth__host.a(smp.c.obj)
 .text.smp_master_ident
                0x000000000000fbe4       0xcc zephyr/subsys/bluetooth/host/libsubsys__bluetooth__host.a(smp.c.obj)
 .text.bt_smp_connected
                0x000000000000fcb0       0x1c zephyr/subsys/bluetooth/host/libsubsys__bluetooth__host.a(smp.c.obj)
 .text.smp_pairing_rsp
                0x000000000000fccc      0x184 zephyr/subsys/bluetooth/host/libsubsys__bluetooth__host.a(smp.c.obj)
 .text.smp_public_key_slave.part.0
                0x000000000000fe50       0x84 zephyr/subsys/bluetooth/host/libsubsys__bluetooth__host.a(smp.c.obj)
 .text.smp_public_key
                0x000000000000fed4      0x17c zephyr/subsys/bluetooth/host/libsubsys__bluetooth__host.a(smp.c.obj)
 .text.bt_smp_pkey_ready
                0x0000000000010050       0xe8 zephyr/subsys/bluetooth/host/libsubsys__bluetooth__host.a(smp.c.obj)
 .text.smp_ident_addr_info
                0x0000000000010138      0x158 zephyr/subsys/bluetooth/host/libsubsys__bluetooth__host.a(smp.c.obj)
 .text.smp_pairing_random
                0x0000000000010290      0x304 zephyr/subsys/bluetooth/host/libsubsys__bluetooth__host.a(smp.c.obj)
 .text.bt_smp_update_keys
                0x0000000000010594      0x120 zephyr/subsys/bluetooth/host/libsubsys__bluetooth__host.a(smp.c.obj)
                0x0000000000010594                bt_smp_update_keys
 .text.bt_smp_init
                0x00000000000106b4       0x2c zephyr/subsys/bluetooth/host/libsubsys__bluetooth__host.a(smp.c.obj)
                0x00000000000106b4                bt_smp_init
 .text.bt_keys_get_addr
                0x00000000000106e0       0x50 zephyr/subsys/bluetooth/host/libsubsys__bluetooth__host.a(keys.c.obj)
                0x00000000000106e0                bt_keys_get_addr
 .text.bt_keys_foreach
                0x0000000000010730       0x1c zephyr/subsys/bluetooth/host/libsubsys__bluetooth__host.a(keys.c.obj)
                0x0000000000010730                bt_keys_foreach
 .text.bt_keys_find
                0x000000000001074c       0x2c zephyr/subsys/bluetooth/host/libsubsys__bluetooth__host.a(keys.c.obj)
                0x000000000001074c                bt_keys_find
 .text.bt_keys_find_irk
                0x0000000000010778       0x74 zephyr/subsys/bluetooth/host/libsubsys__bluetooth__host.a(keys.c.obj)
                0x0000000000010778                bt_keys_find_irk
 .text.bt_keys_find_addr
                0x00000000000107ec       0x20 zephyr/subsys/bluetooth/host/libsubsys__bluetooth__host.a(keys.c.obj)
                0x00000000000107ec                bt_keys_find_addr
 .text.mem_init
                0x000000000001080c       0x5c zephyr/subsys/bluetooth/controller/libsubsys__bluetooth__controller.a(mem.c.obj)
                0x000000000001080c                mem_init
 .text.mem_acquire
                0x0000000000010868       0x34 zephyr/subsys/bluetooth/controller/libsubsys__bluetooth__controller.a(mem.c.obj)
                0x0000000000010868                mem_acquire
 .text.mem_release
                0x000000000001089c       0x30 zephyr/subsys/bluetooth/controller/libsubsys__bluetooth__controller.a(mem.c.obj)
                0x000000000001089c                mem_release
 .text.mem_get  0x00000000000108cc        0x8 zephyr/subsys/bluetooth/controller/libsubsys__bluetooth__controller.a(mem.c.obj)
                0x00000000000108cc                mem_get
 .text.mem_index_get
                0x00000000000108d4        0xc zephyr/subsys/bluetooth/controller/libsubsys__bluetooth__controller.a(mem.c.obj)
                0x00000000000108d4                mem_index_get
 .text.mem_rcopy
                0x00000000000108e0       0x1c zephyr/subsys/bluetooth/controller/libsubsys__bluetooth__controller.a(mem.c.obj)
                0x00000000000108e0                mem_rcopy
 .text.mem_nz   0x00000000000108fc       0x18 zephyr/subsys/bluetooth/controller/libsubsys__bluetooth__controller.a(mem.c.obj)
                0x00000000000108fc                mem_nz
 .text.memq_init
                0x0000000000010914        0x8 zephyr/subsys/bluetooth/controller/libsubsys__bluetooth__controller.a(memq.c.obj)
                0x0000000000010914                memq_init
 .text.memq_deinit
                0x000000000001091c       0x14 zephyr/subsys/bluetooth/controller/libsubsys__bluetooth__controller.a(memq.c.obj)
                0x000000000001091c                memq_deinit
 .text.memq_enqueue
                0x0000000000010930       0x10 zephyr/subsys/bluetooth/controller/libsubsys__bluetooth__controller.a(memq.c.obj)
                0x0000000000010930                memq_enqueue
 .text.memq_peek
                0x0000000000010940       0x10 zephyr/subsys/bluetooth/controller/libsubsys__bluetooth__controller.a(memq.c.obj)
                0x0000000000010940                memq_peek
 .text.memq_dequeue
                0x0000000000010950       0x20 zephyr/subsys/bluetooth/controller/libsubsys__bluetooth__controller.a(memq.c.obj)
                0x0000000000010950                memq_dequeue
 .text.mayfly_init
                0x0000000000010970       0x40 zephyr/subsys/bluetooth/controller/libsubsys__bluetooth__controller.a(mayfly.c.obj)
                0x0000000000010970                mayfly_init
 .text.mayfly_enable
                0x00000000000109b0       0x68 zephyr/subsys/bluetooth/controller/libsubsys__bluetooth__controller.a(mayfly.c.obj)
                0x00000000000109b0                mayfly_enable
 .text.mayfly_enqueue
                0x0000000000010a18       0xa8 zephyr/subsys/bluetooth/controller/libsubsys__bluetooth__controller.a(mayfly.c.obj)
                0x0000000000010a18                mayfly_enqueue
 .text.mayfly_run
                0x0000000000010ac0      0x144 zephyr/subsys/bluetooth/controller/libsubsys__bluetooth__controller.a(mayfly.c.obj)
                0x0000000000010ac0                mayfly_run
 .text.util_ones_count_get
                0x0000000000010c04       0x30 zephyr/subsys/bluetooth/controller/libsubsys__bluetooth__controller.a(util.c.obj)
                0x0000000000010c04                util_ones_count_get
 .text.util_aa_le32
                0x0000000000010c34      0x2c0 zephyr/subsys/bluetooth/controller/libsubsys__bluetooth__controller.a(util.c.obj)
                0x0000000000010c34                util_aa_le32
 .text.ticker_worker
                0x0000000000010ef4      0x284 zephyr/subsys/bluetooth/controller/libsubsys__bluetooth__controller.a(ticker.c.obj)
                0x0000000000010ef4                ticker_worker
 .text.ticker_job
                0x0000000000011178      0xe44 zephyr/subsys/bluetooth/controller/libsubsys__bluetooth__controller.a(ticker.c.obj)
                0x0000000000011178                ticker_job
 .text.ticker_init
                0x0000000000011fbc       0x98 zephyr/subsys/bluetooth/controller/libsubsys__bluetooth__controller.a(ticker.c.obj)
                0x0000000000011fbc                ticker_init
 .text.ticker_trigger
                0x0000000000012054       0x30 zephyr/subsys/bluetooth/controller/libsubsys__bluetooth__controller.a(ticker.c.obj)
                0x0000000000012054                ticker_trigger
 .text.ticker_start_ext
                0x0000000000012084       0xac zephyr/subsys/bluetooth/controller/libsubsys__bluetooth__controller.a(ticker.c.obj)
                0x0000000000012084                ticker_start_ext
 .text.ticker_start
                0x0000000000012130       0x38 zephyr/subsys/bluetooth/controller/libsubsys__bluetooth__controller.a(ticker.c.obj)
                0x0000000000012130                ticker_start
 .text.ticker_update
                0x0000000000012168       0xa0 zephyr/subsys/bluetooth/controller/libsubsys__bluetooth__controller.a(ticker.c.obj)
                0x0000000000012168                ticker_update
 .text.ticker_stop
                0x0000000000012208       0x8c zephyr/subsys/bluetooth/controller/libsubsys__bluetooth__controller.a(ticker.c.obj)
                0x0000000000012208                ticker_stop
 .text.ticker_next_slot_get
                0x0000000000012294       0x8c zephyr/subsys/bluetooth/controller/libsubsys__bluetooth__controller.a(ticker.c.obj)
                0x0000000000012294                ticker_next_slot_get
 .text.ticker_job_sched
                0x0000000000012320       0x30 zephyr/subsys/bluetooth/controller/libsubsys__bluetooth__controller.a(ticker.c.obj)
                0x0000000000012320                ticker_job_sched
 .text.ticker_ticks_now_get
                0x0000000000012350        0x4 zephyr/subsys/bluetooth/controller/libsubsys__bluetooth__controller.a(ticker.c.obj)
                0x0000000000012350                ticker_ticks_now_get
 .text.ticker_ticks_diff_get
                0x0000000000012354        0x8 zephyr/subsys/bluetooth/controller/libsubsys__bluetooth__controller.a(ticker.c.obj)
                0x0000000000012354                ticker_ticks_diff_get
 .text.ll_addr_get
                0x000000000001235c       0x3c zephyr/subsys/bluetooth/controller/libsubsys__bluetooth__controller.a(ll_addr.c.obj)
                0x000000000001235c                ll_addr_get
 .text.ll_addr_set
                0x0000000000012398       0x40 zephyr/subsys/bluetooth/controller/libsubsys__bluetooth__controller.a(ll_addr.c.obj)
                0x0000000000012398                ll_addr_set
 .text.ll_tx_pwr_lvl_get
                0x00000000000123d8       0x20 zephyr/subsys/bluetooth/controller/libsubsys__bluetooth__controller.a(ll_tx_pwr.c.obj)
                0x00000000000123d8                ll_tx_pwr_lvl_get
 .text.ll_tx_pwr_get
                0x00000000000123f8        0x8 zephyr/subsys/bluetooth/controller/libsubsys__bluetooth__controller.a(ll_tx_pwr.c.obj)
                0x00000000000123f8                ll_tx_pwr_get
 .text.hci_driver_init
                0x0000000000012400       0x10 zephyr/subsys/bluetooth/controller/libsubsys__bluetooth__controller.a(hci_driver.c.obj)
 .text.recv_thread
                0x0000000000012410       0xf0 zephyr/subsys/bluetooth/controller/libsubsys__bluetooth__controller.a(hci_driver.c.obj)
 .text.prio_recv_thread
                0x0000000000012500       0x74 zephyr/subsys/bluetooth/controller/libsubsys__bluetooth__controller.a(hci_driver.c.obj)
 .text.hci_driver_send
                0x0000000000012574       0xb0 zephyr/subsys/bluetooth/controller/libsubsys__bluetooth__controller.a(hci_driver.c.obj)
 .text.hci_driver_open
                0x0000000000012624       0xbc zephyr/subsys/bluetooth/controller/libsubsys__bluetooth__controller.a(hci_driver.c.obj)
 .text.meta_evt
                0x00000000000126e0       0x30 zephyr/subsys/bluetooth/controller/libsubsys__bluetooth__controller.a(hci.c.obj)
 .text.le_remote_feat_complete
                0x0000000000012710       0x6c zephyr/subsys/bluetooth/controller/libsubsys__bluetooth__controller.a(hci.c.obj)
 .text.encrypt_change.part.0
                0x000000000001277c       0x34 zephyr/subsys/bluetooth/controller/libsubsys__bluetooth__controller.a(hci.c.obj)
 .text.bt_hci_evt_create
                0x00000000000127b0       0x28 zephyr/subsys/bluetooth/controller/libsubsys__bluetooth__controller.a(hci.c.obj)
                0x00000000000127b0                bt_hci_evt_create
 .text.bt_hci_cmd_complete_create
                0x00000000000127d8       0x28 zephyr/subsys/bluetooth/controller/libsubsys__bluetooth__controller.a(hci.c.obj)
                0x00000000000127d8                bt_hci_cmd_complete_create
 .text.bt_hci_cmd_status_create
                0x0000000000012800       0x28 zephyr/subsys/bluetooth/controller/libsubsys__bluetooth__controller.a(hci.c.obj)
                0x0000000000012800                bt_hci_cmd_status_create
 .text.hci_cmd_complete
                0x0000000000012828       0x20 zephyr/subsys/bluetooth/controller/libsubsys__bluetooth__controller.a(hci.c.obj)
                0x0000000000012828                hci_cmd_complete
 .text.hci_vendor_cmd_handle_common
                0x0000000000012848      0x11c zephyr/subsys/bluetooth/controller/libsubsys__bluetooth__controller.a(hci.c.obj)
                0x0000000000012848                hci_vendor_cmd_handle_common
 .text.hci_cmd_handle
                0x0000000000012964      0x8a4 zephyr/subsys/bluetooth/controller/libsubsys__bluetooth__controller.a(hci.c.obj)
                0x0000000000012964                hci_cmd_handle
 .text.hci_acl_handle
                0x0000000000013208      0x130 zephyr/subsys/bluetooth/controller/libsubsys__bluetooth__controller.a(hci.c.obj)
                0x0000000000013208                hci_acl_handle
 .text.hci_acl_encode
                0x0000000000013338       0x74 zephyr/subsys/bluetooth/controller/libsubsys__bluetooth__controller.a(hci.c.obj)
                0x0000000000013338                hci_acl_encode
 .text.hci_evt_encode
                0x00000000000133ac      0x848 zephyr/subsys/bluetooth/controller/libsubsys__bluetooth__controller.a(hci.c.obj)
                0x00000000000133ac                hci_evt_encode
 .text.hci_num_cmplt_encode
                0x0000000000013bf4       0x30 zephyr/subsys/bluetooth/controller/libsubsys__bluetooth__controller.a(hci.c.obj)
                0x0000000000013bf4                hci_num_cmplt_encode
 .text.hci_get_class
                0x0000000000013c24       0x2c zephyr/subsys/bluetooth/controller/libsubsys__bluetooth__controller.a(hci.c.obj)
                0x0000000000013c24                hci_get_class
 .text.hci_init
                0x0000000000013c50       0x40 zephyr/subsys/bluetooth/controller/libsubsys__bluetooth__controller.a(hci.c.obj)
                0x0000000000013c50                hci_init
 .text.bt_rand  0x0000000000013c90        0x4 zephyr/subsys/bluetooth/controller/libsubsys__bluetooth__controller.a(crypto.c.obj)
                0x0000000000013c90                bt_rand
 .text.bt_encrypt_le
                0x0000000000013c94        0xc zephyr/subsys/bluetooth/controller/libsubsys__bluetooth__controller.a(crypto.c.obj)
                0x0000000000013c94                bt_encrypt_le
 .text.perform_lll_reset
                0x0000000000013ca0       0xc0 zephyr/subsys/bluetooth/controller/libsubsys__bluetooth__controller.a(ull.c.obj)
 .text.disabled_cb
                0x0000000000013d60        0x4 zephyr/subsys/bluetooth/controller/libsubsys__bluetooth__controller.a(ull.c.obj)
 .text.tx_cmplt_get
                0x0000000000013d64       0xcc zephyr/subsys/bluetooth/controller/libsubsys__bluetooth__controller.a(ull.c.obj)
 .text.rx_demux
                0x0000000000013e30      0x3ac zephyr/subsys/bluetooth/controller/libsubsys__bluetooth__controller.a(ull.c.obj)
 .text.ll_init  0x00000000000141dc      0x2e4 zephyr/subsys/bluetooth/controller/libsubsys__bluetooth__controller.a(ull.c.obj)
                0x00000000000141dc                ll_init
 .text.ll_reset
                0x00000000000144c0      0x340 zephyr/subsys/bluetooth/controller/libsubsys__bluetooth__controller.a(ull.c.obj)
                0x00000000000144c0                ll_reset
 .text.ll_rx_get
                0x0000000000014800      0x1b4 zephyr/subsys/bluetooth/controller/libsubsys__bluetooth__controller.a(ull.c.obj)
                0x0000000000014800                ll_rx_get
 .text.ll_rx_dequeue
                0x00000000000149b4      0x194 zephyr/subsys/bluetooth/controller/libsubsys__bluetooth__controller.a(ull.c.obj)
                0x00000000000149b4                ll_rx_dequeue
 .text.ll_rx_mem_release
                0x0000000000014b48      0x328 zephyr/subsys/bluetooth/controller/libsubsys__bluetooth__controller.a(ull.c.obj)
                0x0000000000014b48                ll_rx_mem_release
 .text.ll_rx_link_alloc
                0x0000000000014e70        0xc zephyr/subsys/bluetooth/controller/libsubsys__bluetooth__controller.a(ull.c.obj)
                0x0000000000014e70                ll_rx_link_alloc
 .text.ll_rx_link_release
                0x0000000000014e7c        0xc zephyr/subsys/bluetooth/controller/libsubsys__bluetooth__controller.a(ull.c.obj)
                0x0000000000014e7c                ll_rx_link_release
 .text.ll_rx_alloc
                0x0000000000014e88        0xc zephyr/subsys/bluetooth/controller/libsubsys__bluetooth__controller.a(ull.c.obj)
                0x0000000000014e88                ll_rx_alloc
 .text.ll_rx_release
                0x0000000000014e94        0xc zephyr/subsys/bluetooth/controller/libsubsys__bluetooth__controller.a(ull.c.obj)
                0x0000000000014e94                ll_rx_release
 .text.ll_rx_put
                0x0000000000014ea0       0x14 zephyr/subsys/bluetooth/controller/libsubsys__bluetooth__controller.a(ull.c.obj)
                0x0000000000014ea0                ll_rx_put
 .text.ll_rx_sched
                0x0000000000014eb4        0xc zephyr/subsys/bluetooth/controller/libsubsys__bluetooth__controller.a(ull.c.obj)
                0x0000000000014eb4                ll_rx_sched
 .text.ll_pdu_rx_alloc_peek
                0x0000000000014ec0       0x3c zephyr/subsys/bluetooth/controller/libsubsys__bluetooth__controller.a(ull.c.obj)
                0x0000000000014ec0                ll_pdu_rx_alloc_peek
 .text.ll_pdu_rx_alloc
                0x0000000000014efc       0x30 zephyr/subsys/bluetooth/controller/libsubsys__bluetooth__controller.a(ull.c.obj)
                0x0000000000014efc                ll_pdu_rx_alloc
 .text.ll_tx_ack_put
                0x0000000000014f2c       0x60 zephyr/subsys/bluetooth/controller/libsubsys__bluetooth__controller.a(ull.c.obj)
                0x0000000000014f2c                ll_tx_ack_put
 .text.ull_ticker_status_give
                0x0000000000014f8c        0xc zephyr/subsys/bluetooth/controller/libsubsys__bluetooth__controller.a(ull.c.obj)
                0x0000000000014f8c                ull_ticker_status_give
 .text.ull_ticker_status_take
                0x0000000000014f98       0x1c zephyr/subsys/bluetooth/controller/libsubsys__bluetooth__controller.a(ull.c.obj)
                0x0000000000014f98                ull_ticker_status_take
 .text.ull_disable_mark
                0x0000000000014fb4       0x18 zephyr/subsys/bluetooth/controller/libsubsys__bluetooth__controller.a(ull.c.obj)
                0x0000000000014fb4                ull_disable_mark
 .text.ull_disable_unmark
                0x0000000000014fcc       0x18 zephyr/subsys/bluetooth/controller/libsubsys__bluetooth__controller.a(ull.c.obj)
                0x0000000000014fcc                ull_disable_unmark
 .text.ull_disable_mark_get
                0x0000000000014fe4        0xc zephyr/subsys/bluetooth/controller/libsubsys__bluetooth__controller.a(ull.c.obj)
                0x0000000000014fe4                ull_disable_mark_get
 .text.ull_update_mark
                0x0000000000014ff0       0x18 zephyr/subsys/bluetooth/controller/libsubsys__bluetooth__controller.a(ull.c.obj)
                0x0000000000014ff0                ull_update_mark
 .text.ull_update_unmark
                0x0000000000015008       0x18 zephyr/subsys/bluetooth/controller/libsubsys__bluetooth__controller.a(ull.c.obj)
                0x0000000000015008                ull_update_unmark
 .text.ull_update_mark_get
                0x0000000000015020        0xc zephyr/subsys/bluetooth/controller/libsubsys__bluetooth__controller.a(ull.c.obj)
                0x0000000000015020                ull_update_mark_get
 .text.ull_disable
                0x000000000001502c       0x7c zephyr/subsys/bluetooth/controller/libsubsys__bluetooth__controller.a(ull.c.obj)
                0x000000000001502c                ull_disable
 .text.ull_pdu_rx_alloc_peek
                0x00000000000150a8       0x3c zephyr/subsys/bluetooth/controller/libsubsys__bluetooth__controller.a(ull.c.obj)
                0x00000000000150a8                ull_pdu_rx_alloc_peek
 .text.ull_pdu_rx_alloc
                0x00000000000150e4       0x30 zephyr/subsys/bluetooth/controller/libsubsys__bluetooth__controller.a(ull.c.obj)
                0x00000000000150e4                ull_pdu_rx_alloc
 .text.ull_rx_put
                0x0000000000015114       0x20 zephyr/subsys/bluetooth/controller/libsubsys__bluetooth__controller.a(ull.c.obj)
                0x0000000000015114                ull_rx_put
 .text.ull_rx_sched
                0x0000000000015134       0x10 zephyr/subsys/bluetooth/controller/libsubsys__bluetooth__controller.a(ull.c.obj)
                0x0000000000015134                ull_rx_sched
 .text.ull_prepare_enqueue
                0x0000000000015144       0x70 zephyr/subsys/bluetooth/controller/libsubsys__bluetooth__controller.a(ull.c.obj)
                0x0000000000015144                ull_prepare_enqueue
 .text.ull_prepare_dequeue_get
                0x00000000000151b4       0x1c zephyr/subsys/bluetooth/controller/libsubsys__bluetooth__controller.a(ull.c.obj)
                0x00000000000151b4                ull_prepare_dequeue_get
 .text.ull_prepare_dequeue_iter
                0x00000000000151d0       0x3c zephyr/subsys/bluetooth/controller/libsubsys__bluetooth__controller.a(ull.c.obj)
                0x00000000000151d0                ull_prepare_dequeue_iter
 .text.ull_event_done_extra_get
                0x000000000001520c       0x20 zephyr/subsys/bluetooth/controller/libsubsys__bluetooth__controller.a(ull.c.obj)
                0x000000000001520c                ull_event_done_extra_get
 .text.ull_event_done
                0x000000000001522c       0x60 zephyr/subsys/bluetooth/controller/libsubsys__bluetooth__controller.a(ull.c.obj)
                0x000000000001522c                ull_event_done
 .text.disabled_cb
                0x000000000001528c       0xa4 zephyr/subsys/bluetooth/controller/libsubsys__bluetooth__controller.a(ull_adv.c.obj)
 .text.ticker_cb
                0x0000000000015330      0x130 zephyr/subsys/bluetooth/controller/libsubsys__bluetooth__controller.a(ull_adv.c.obj)
 .text.ticker_op_stop_cb
                0x0000000000015460       0xa0 zephyr/subsys/bluetooth/controller/libsubsys__bluetooth__controller.a(ull_adv.c.obj)
 .text.ticker_op_update_cb
                0x0000000000015500       0x38 zephyr/subsys/bluetooth/controller/libsubsys__bluetooth__controller.a(ull_adv.c.obj)
 .text.ticker_stop_cb
                0x0000000000015538       0x84 zephyr/subsys/bluetooth/controller/libsubsys__bluetooth__controller.a(ull_adv.c.obj)
 .text.conn_release.constprop.0
                0x00000000000155bc       0x8c zephyr/subsys/bluetooth/controller/libsubsys__bluetooth__controller.a(ull_adv.c.obj)
 .text.ll_adv_params_set
                0x0000000000015648      0x14c zephyr/subsys/bluetooth/controller/libsubsys__bluetooth__controller.a(ull_adv.c.obj)
                0x0000000000015648                ll_adv_params_set
 .text.ull_adv_init
                0x0000000000015794        0x4 zephyr/subsys/bluetooth/controller/libsubsys__bluetooth__controller.a(ull_adv.c.obj)
                0x0000000000015794                ull_adv_init
 .text.ull_adv_reset
                0x0000000000015798      0x148 zephyr/subsys/bluetooth/controller/libsubsys__bluetooth__controller.a(ull_adv.c.obj)
                0x0000000000015798                ull_adv_reset
 .text.ull_adv_handle_get
                0x00000000000158e0       0x18 zephyr/subsys/bluetooth/controller/libsubsys__bluetooth__controller.a(ull_adv.c.obj)
                0x00000000000158e0                ull_adv_handle_get
 .text.ull_adv_lll_handle_get
                0x00000000000158f8       0x1c zephyr/subsys/bluetooth/controller/libsubsys__bluetooth__controller.a(ull_adv.c.obj)
                0x00000000000158f8                ull_adv_lll_handle_get
 .text.ull_adv_is_enabled_get
                0x0000000000015914       0x1c zephyr/subsys/bluetooth/controller/libsubsys__bluetooth__controller.a(ull_adv.c.obj)
                0x0000000000015914                ull_adv_is_enabled_get
 .text.ull_adv_is_enabled
                0x0000000000015930       0x18 zephyr/subsys/bluetooth/controller/libsubsys__bluetooth__controller.a(ull_adv.c.obj)
                0x0000000000015930                ull_adv_is_enabled
 .text.ull_adv_filter_pol_get
                0x0000000000015948       0x20 zephyr/subsys/bluetooth/controller/libsubsys__bluetooth__controller.a(ull_adv.c.obj)
                0x0000000000015948                ull_adv_filter_pol_get
 .text.ull_adv_data_set
                0x0000000000015968       0xa0 zephyr/subsys/bluetooth/controller/libsubsys__bluetooth__controller.a(ull_adv.c.obj)
                0x0000000000015968                ull_adv_data_set
 .text.ll_adv_data_set
                0x0000000000015a08       0x10 zephyr/subsys/bluetooth/controller/libsubsys__bluetooth__controller.a(ull_adv.c.obj)
                0x0000000000015a08                ll_adv_data_set
 .text.ull_scan_rsp_set
                0x0000000000015a18       0x84 zephyr/subsys/bluetooth/controller/libsubsys__bluetooth__controller.a(ull_adv.c.obj)
                0x0000000000015a18                ull_scan_rsp_set
 .text.ll_adv_scan_rsp_set
                0x0000000000015a9c       0x10 zephyr/subsys/bluetooth/controller/libsubsys__bluetooth__controller.a(ull_adv.c.obj)
                0x0000000000015a9c                ll_adv_scan_rsp_set
 .text.ticker_cb
                0x0000000000015aac       0x8c zephyr/subsys/bluetooth/controller/libsubsys__bluetooth__controller.a(ull_scan.c.obj)
 .text.ull_scan_init
                0x0000000000015b38        0x4 zephyr/subsys/bluetooth/controller/libsubsys__bluetooth__controller.a(ull_scan.c.obj)
                0x0000000000015b38                ull_scan_init
 .text.ull_scan_disable
                0x0000000000015b3c       0xe4 zephyr/subsys/bluetooth/controller/libsubsys__bluetooth__controller.a(ull_scan.c.obj)
                0x0000000000015b3c                ull_scan_disable
 .text.disable.constprop.0
                0x0000000000015c20       0x40 zephyr/subsys/bluetooth/controller/libsubsys__bluetooth__controller.a(ull_scan.c.obj)
 .text.ll_scan_enable
                0x0000000000015c60       0x88 zephyr/subsys/bluetooth/controller/libsubsys__bluetooth__controller.a(ull_scan.c.obj)
                0x0000000000015c60                ll_scan_enable
 .text.ull_scan_reset
                0x0000000000015ce8        0xc zephyr/subsys/bluetooth/controller/libsubsys__bluetooth__controller.a(ull_scan.c.obj)
                0x0000000000015ce8                ull_scan_reset
 .text.ull_scan_handle_get
                0x0000000000015cf4       0x1c zephyr/subsys/bluetooth/controller/libsubsys__bluetooth__controller.a(ull_scan.c.obj)
                0x0000000000015cf4                ull_scan_handle_get
 .text.ull_scan_lll_handle_get
                0x0000000000015d10       0x1c zephyr/subsys/bluetooth/controller/libsubsys__bluetooth__controller.a(ull_scan.c.obj)
                0x0000000000015d10                ull_scan_lll_handle_get
 .text.ull_scan_is_enabled_get
                0x0000000000015d2c       0x1c zephyr/subsys/bluetooth/controller/libsubsys__bluetooth__controller.a(ull_scan.c.obj)
                0x0000000000015d2c                ull_scan_is_enabled_get
 .text.ull_scan_is_disabled_get
                0x0000000000015d48       0x18 zephyr/subsys/bluetooth/controller/libsubsys__bluetooth__controller.a(ull_scan.c.obj)
                0x0000000000015d48                ull_scan_is_disabled_get
 .text.ull_scan_is_enabled
                0x0000000000015d60       0x30 zephyr/subsys/bluetooth/controller/libsubsys__bluetooth__controller.a(ull_scan.c.obj)
                0x0000000000015d60                ull_scan_is_enabled
 .text.ull_scan_filter_pol_get
                0x0000000000015d90       0x20 zephyr/subsys/bluetooth/controller/libsubsys__bluetooth__controller.a(ull_scan.c.obj)
                0x0000000000015d90                ull_scan_filter_pol_get
 .text.tx_ull_dequeue
                0x0000000000015db0       0x84 zephyr/subsys/bluetooth/controller/libsubsys__bluetooth__controller.a(ull_conn.c.obj)
 .text.calc_eff_time
                0x0000000000015e34       0x5c zephyr/subsys/bluetooth/controller/libsubsys__bluetooth__controller.a(ull_conn.c.obj)
 .text.ticker_update_latency_cancel_op_cb
                0x0000000000015e90       0x48 zephyr/subsys/bluetooth/controller/libsubsys__bluetooth__controller.a(ull_conn.c.obj)
 .text.ctrl_tx_pause_enqueue
                0x0000000000015ed8       0xb0 zephyr/subsys/bluetooth/controller/libsubsys__bluetooth__controller.a(ull_conn.c.obj)
 .text.init_reset
                0x0000000000015f88       0x78 zephyr/subsys/bluetooth/controller/libsubsys__bluetooth__controller.a(ull_conn.c.obj)
 .text.tx_lll_flush
                0x0000000000016000       0xf8 zephyr/subsys/bluetooth/controller/libsubsys__bluetooth__controller.a(ull_conn.c.obj)
 .text.ticker_op_stop_cb
                0x00000000000160f8       0x64 zephyr/subsys/bluetooth/controller/libsubsys__bluetooth__controller.a(ull_conn.c.obj)
 .text.ticker_start_conn_op_cb
                0x000000000001615c       0x58 zephyr/subsys/bluetooth/controller/libsubsys__bluetooth__controller.a(ull_conn.c.obj)
 .text.ticker_stop_conn_op_cb
                0x00000000000161b4       0x58 zephyr/subsys/bluetooth/controller/libsubsys__bluetooth__controller.a(ull_conn.c.obj)
 .text.ticker_update_conn_op_cb
                0x000000000001620c       0x40 zephyr/subsys/bluetooth/controller/libsubsys__bluetooth__controller.a(ull_conn.c.obj)
 .text.ll_connected_get.part.0
                0x000000000001624c       0x20 zephyr/subsys/bluetooth/controller/libsubsys__bluetooth__controller.a(ull_conn.c.obj)
 .text.reject_ext_ind_send.isra.0
                0x000000000001626c       0xa4 zephyr/subsys/bluetooth/controller/libsubsys__bluetooth__controller.a(ull_conn.c.obj)
 .text.start_enc_rsp_send
                0x0000000000016310       0xc4 zephyr/subsys/bluetooth/controller/libsubsys__bluetooth__controller.a(ull_conn.c.obj)
 .text.ctrl_tx_sec_enqueue
                0x00000000000163d4      0x124 zephyr/subsys/bluetooth/controller/libsubsys__bluetooth__controller.a(ull_conn.c.obj)
 .text.feature_rsp_send.isra.0
                0x00000000000164f8       0xa0 zephyr/subsys/bluetooth/controller/libsubsys__bluetooth__controller.a(ull_conn.c.obj)
 .text.ll_conn_acquire
                0x0000000000016598        0xc zephyr/subsys/bluetooth/controller/libsubsys__bluetooth__controller.a(ull_conn.c.obj)
                0x0000000000016598                ll_conn_acquire
 .text.ll_conn_release
                0x00000000000165a4        0xc zephyr/subsys/bluetooth/controller/libsubsys__bluetooth__controller.a(ull_conn.c.obj)
                0x00000000000165a4                ll_conn_release
 .text.ll_conn_handle_get
                0x00000000000165b0       0x10 zephyr/subsys/bluetooth/controller/libsubsys__bluetooth__controller.a(ull_conn.c.obj)
                0x00000000000165b0                ll_conn_handle_get
 .text.ll_conn_get
                0x00000000000165c0       0x10 zephyr/subsys/bluetooth/controller/libsubsys__bluetooth__controller.a(ull_conn.c.obj)
                0x00000000000165c0                ll_conn_get
 .text.ll_connected_get
                0x00000000000165d0        0xc zephyr/subsys/bluetooth/controller/libsubsys__bluetooth__controller.a(ull_conn.c.obj)